<html>
<body>
<pre>
<h1>µVision Build Log</h1>
<h2>Tool Versions:</h2>
IDE-Version: µVision V5.28.0.0
Copyright (C) 2019 ARM Ltd and ARM Germany GmbH. All rights reserved.
License Information: furkan kadioglu, boun, LIC=----
 
Tool Versions:
Toolchain:       MDK-Lite  Version: 5.28.0.0
Toolchain Path:  C:\Keil_v5\ARM\ARMCC\Bin
C Compiler:      Armcc.exe V5.06 update 6 (build 750)
Assembler:       Armasm.exe V5.06 update 6 (build 750)
Linker/Locator:  ArmLink.exe V5.06 update 6 (build 750)
Library Manager: ArmAr.exe V5.06 update 6 (build 750)
Hex Converter:   FromElf.exe V5.06 update 6 (build 750)
CPU DLL:         SARMCM3.DLL V5.28.0.0
Dialog DLL:      DCM.DLL V1.17.3.0
Target DLL:      CMSIS_AGDI.dll V1.31.18.0
Dialog DLL:      TCM.DLL V1.36.2.0
 
<h2>Project:</h2>
C:\Users\furkan\Desktop\cmpe443_final_project\MATER.uvprojx
Project File Date:  12/17/2019

<h2>Output:</h2>
*** Using Compiler 'V5.06 update 6 (build 750)', folder: 'C:\Keil_v5\ARM\ARMCC\Bin'
Rebuild target 'NXP LPC4088'
compiling main.c...
compiling GPIO.c...
compiling MOTOR.c...
compiling Joystick.c...
compiling Signal.c...
compiling TIMER.c...
compiling Ultrasonic.c...
compiling PWM.c...
compiling Led.c...
compiling Command.c...
compiling ADC.c...
compiling External.c...
assembling startup_LPC407x_8x_177x_8x.s...
compiling system_LPC407x_8x_177x_8x.c...
linking...
Program Size: Code=4228 RO-data=260 RW-data=128 ZI-data=1024  
".\Objects\MATER.axf" - 0 Error(s), 0 Warning(s).

<h2>Software Packages used:</h2>

Package Vendor: ARM
                http://www.keil.com/pack/ARM.CMSIS.5.5.1.pack
                ARM.CMSIS.5.5.1
                CMSIS (Cortex Microcontroller Software Interface Standard)
   * Component: CORE Version: 5.2.0

Package Vendor: Keil
                http://www.keil.com/pack/Keil.LPC4000_DFP.2.1.0.pack
                Keil.LPC4000_DFP.2.1.0
                NXP LPC4000 Series Device Support
   * Component: Startup Version: 1.0.1

<h2>Collection of Component include folders:</h2>
  .\RTE\Device\LPC4088FET208
  .\RTE\_NXP_LPC4088
  C:\Users\furkan\AppData\Local\Arm\Packs\ARM\CMSIS\5.5.1\CMSIS\Core\Include
  C:\Users\furkan\AppData\Local\Arm\Packs\Keil\LPC4000_DFP\2.1.0\Device\Include

<h2>Collection of Component Files used:</h2>

   * Component: ARM::CMSIS:CORE:5.2.0

   * Component: Keil::Device:Startup:1.0.1
      Include file:  Device\Include\LPC407x_8x_177x_8x.h
      Source file:   Device\Source\ARM\startup_LPC407x_8x_177x_8x.s
      Source file:   Device\Source\system_LPC407x_8x_177x_8x.c
      Include file:  Device\Include\system_LPC407x_8x_177x_8x.h
      Include file:  RTE_Driver\Config\RTE_Device.h
Build Time Elapsed:  00:00:04
</pre>
</body>
</html>
