Component: ARM Compiler 5.06 update 6 (build 750) Tool: armlink [4d35ed]

==============================================================================

Section Cross References

    main.o(i.init) refers to joystick.o(i.Joystick_Init) for Joystick_Init
    main.o(i.init) refers to motor.o(i.MOTOR_Init) for MOTOR_Init
    main.o(i.init) refers to timer.o(i.TIMER_Init) for TIMER_Init
    main.o(i.init) refers to led.o(i.LED_Init) for LED_Init
    main.o(i.init) refers to signal.o(i.Signal_Init) for Signal_Init
    main.o(i.init) refers to adc.o(i.ADC_Init) for ADC_Init
    main.o(i.init) refers to adc.o(i.ADC_Start) for ADC_Start
    main.o(i.init) refers to external.o(i.External_Init) for External_Init
    main.o(i.init) refers to serial.o(i.Serial_Init) for Serial_Init
    main.o(i.main) refers to main.o(i.init) for init
    main.o(i.main) refers to main.o(i.update) for update
    motor.o(i.MOTOR_Init) refers to motor.o(i.SET_MOTOR_POWER) for SET_MOTOR_POWER
    motor.o(i.PWM0_IRQHandler) refers to motor.o(i.SET_MOTOR_POWER) for SET_MOTOR_POWER
    motor.o(i.PWM0_IRQHandler) refers to signal.o(i.Finish_Signal) for Finish_Signal
    motor.o(i.PWM0_IRQHandler) refers to motor.o(.data) for NUMBER_OF_TURN
    joystick.o(i.Joystick_Center_Pressed) refers to gpio.o(i.GPIO_PIN_Read) for GPIO_PIN_Read
    joystick.o(i.Joystick_Down_Pressed) refers to gpio.o(i.GPIO_PIN_Read) for GPIO_PIN_Read
    joystick.o(i.Joystick_Init) refers to gpio.o(i.GPIO_DIR_Write) for GPIO_DIR_Write
    joystick.o(i.Joystick_Left_Pressed) refers to gpio.o(i.GPIO_PIN_Read) for GPIO_PIN_Read
    joystick.o(i.Joystick_Right_Pressed) refers to gpio.o(i.GPIO_PIN_Read) for GPIO_PIN_Read
    joystick.o(i.Joystick_Up_Pressed) refers to gpio.o(i.GPIO_PIN_Read) for GPIO_PIN_Read
    signal.o(i.Finish_Signal) refers to signal.o(.data) for TURNING_MASK
    signal.o(i.Start_Signal) refers to signal.o(.data) for TURNING_PORT
    signal.o(i.TIMER1_IRQHandler) refers to signal.o(.data) for milisecond_counter
    ultrasonic.o(i.TIMER2_IRQHandler) refers to ultrasonic.o(.data) for ultrasonicSensorTriggerStart
    ultrasonic.o(i.TIMER3_IRQHandler) refers to command.o(i.LEFT) for LEFT
    ultrasonic.o(i.TIMER3_IRQHandler) refers to command.o(i.FORWARD) for FORWARD
    ultrasonic.o(i.TIMER3_IRQHandler) refers to command.o(i.RIGHT) for RIGHT
    ultrasonic.o(i.TIMER3_IRQHandler) refers to ultrasonic.o(.data) for ultrasonicSensorCaptureRisingEdge
    ultrasonic.o(i.Ultrasonic_Capture_Timer_Init) refers to ultrasonic.o(i.__NVIC_EnableIRQ) for __NVIC_EnableIRQ
    ultrasonic.o(i.Ultrasonic_Init) refers to ultrasonic.o(i.Ultrasonic_Trigger_Timer_Init) for Ultrasonic_Trigger_Timer_Init
    ultrasonic.o(i.Ultrasonic_Init) refers to ultrasonic.o(i.Ultrasonic_Capture_Timer_Init) for Ultrasonic_Capture_Timer_Init
    ultrasonic.o(i.Ultrasonic_Trigger_Timer_Init) refers to ultrasonic.o(i.__NVIC_EnableIRQ) for __NVIC_EnableIRQ
    led.o(i.LED1_Init) refers to gpio.o(i.GPIO_DIR_Write) for GPIO_DIR_Write
    led.o(i.LED1_Off) refers to gpio.o(i.GPIO_PIN_Write) for GPIO_PIN_Write
    led.o(i.LED1_On) refers to gpio.o(i.GPIO_PIN_Write) for GPIO_PIN_Write
    led.o(i.LED2_Init) refers to gpio.o(i.GPIO_DIR_Write) for GPIO_DIR_Write
    led.o(i.LED2_Off) refers to gpio.o(i.GPIO_PIN_Write) for GPIO_PIN_Write
    led.o(i.LED2_On) refers to gpio.o(i.GPIO_PIN_Write) for GPIO_PIN_Write
    led.o(i.LED3_Init) refers to gpio.o(i.GPIO_DIR_Write) for GPIO_DIR_Write
    led.o(i.LED3_Off) refers to gpio.o(i.GPIO_PIN_Write) for GPIO_PIN_Write
    led.o(i.LED3_On) refers to gpio.o(i.GPIO_PIN_Write) for GPIO_PIN_Write
    led.o(i.LED4_Init) refers to gpio.o(i.GPIO_DIR_Write) for GPIO_DIR_Write
    led.o(i.LED4_Off) refers to gpio.o(i.GPIO_PIN_Write) for GPIO_PIN_Write
    led.o(i.LED4_On) refers to gpio.o(i.GPIO_PIN_Write) for GPIO_PIN_Write
    led.o(i.LED_Init) refers to led.o(i.LED1_Init) for LED1_Init
    led.o(i.LED_Init) refers to led.o(i.LED2_Init) for LED2_Init
    led.o(i.LED_Init) refers to led.o(i.LED3_Init) for LED3_Init
    led.o(i.LED_Init) refers to led.o(i.LED4_Init) for LED4_Init
    led.o(i.LED_OFF) refers to led.o(i.LED1_Off) for LED1_Off
    led.o(i.LED_OFF) refers to led.o(i.LED2_Off) for LED2_Off
    led.o(i.LED_OFF) refers to led.o(i.LED3_Off) for LED3_Off
    led.o(i.LED_OFF) refers to led.o(i.LED4_Off) for LED4_Off
    led.o(i.LED_ON) refers to led.o(i.LED1_On) for LED1_On
    led.o(i.LED_ON) refers to led.o(i.LED2_On) for LED2_On
    led.o(i.LED_ON) refers to led.o(i.LED3_On) for LED3_On
    led.o(i.LED_ON) refers to led.o(i.LED4_On) for LED4_On
    command.o(i.AUTONOMOUS) refers to command.o(.data) for MODE
    command.o(i.BACK) refers to motor.o(i.SET_MOTOR_POWER) for SET_MOTOR_POWER
    command.o(i.BACK) refers to command.o(.data) for MOTOR_POWER_IN_PERCENT
    command.o(i.FORWARD) refers to motor.o(i.SET_MOTOR_POWER) for SET_MOTOR_POWER
    command.o(i.FORWARD) refers to command.o(.data) for MOTOR_POWER_IN_PERCENT
    command.o(i.LEFT) refers to command.o(i.__NVIC_EnableIRQ) for __NVIC_EnableIRQ
    command.o(i.LEFT) refers to command.o(i.__NVIC_ClearPendingIRQ) for __NVIC_ClearPendingIRQ
    command.o(i.LEFT) refers to motor.o(i.SET_MOTOR_POWER) for SET_MOTOR_POWER
    command.o(i.LEFT) refers to signal.o(i.Start_Signal) for Start_Signal
    command.o(i.LEFT) refers to command.o(.data) for DEGREE_OF_TURN
    command.o(i.RIGHT) refers to command.o(i.__NVIC_EnableIRQ) for __NVIC_EnableIRQ
    command.o(i.RIGHT) refers to command.o(i.__NVIC_ClearPendingIRQ) for __NVIC_ClearPendingIRQ
    command.o(i.RIGHT) refers to motor.o(i.SET_MOTOR_POWER) for SET_MOTOR_POWER
    command.o(i.RIGHT) refers to signal.o(i.Start_Signal) for Start_Signal
    command.o(i.RIGHT) refers to command.o(.data) for DEGREE_OF_TURN
    command.o(i.STOP) refers to motor.o(i.SET_MOTOR_POWER) for SET_MOTOR_POWER
    command.o(i.TESTING) refers to command.o(.data) for MODE
    adc.o(i.ADC_IRQHandler) refers to adc.o(.data) for Potentiometer_Last
    external.o(i.EINT0_IRQHandler) refers to external.o(.data) for NUMBER_OF_MOTOR_TURN
    serial.o(i.Clear_Serial_Buffer) refers to serial.o(.data) for serialReceiverCurrentIndex
    serial.o(i.Clear_Serial_Buffer) refers to serial.o(.bss) for serialBuffer
    serial.o(i.Serial_WriteData) refers to serial.o(.data) for serialTransmitCompleted
    serial.o(i.UART0_IRQHandler) refers to serial.o(i.Serial_WriteData) for Serial_WriteData
    serial.o(i.UART0_IRQHandler) refers to serial.o(.data) for serialReceiverCurrentIndex
    serial.o(i.UART0_IRQHandler) refers to serial.o(.bss) for serialBuffer
    startup_lpc407x_8x_177x_8x.o(RESET) refers to startup_lpc407x_8x_177x_8x.o(STACK) for __initial_sp
    startup_lpc407x_8x_177x_8x.o(RESET) refers to startup_lpc407x_8x_177x_8x.o(.text) for Reset_Handler
    startup_lpc407x_8x_177x_8x.o(RESET) refers to signal.o(i.TIMER1_IRQHandler) for TIMER1_IRQHandler
    startup_lpc407x_8x_177x_8x.o(RESET) refers to ultrasonic.o(i.TIMER2_IRQHandler) for TIMER2_IRQHandler
    startup_lpc407x_8x_177x_8x.o(RESET) refers to ultrasonic.o(i.TIMER3_IRQHandler) for TIMER3_IRQHandler
    startup_lpc407x_8x_177x_8x.o(RESET) refers to serial.o(i.UART0_IRQHandler) for UART0_IRQHandler
    startup_lpc407x_8x_177x_8x.o(RESET) refers to external.o(i.EINT0_IRQHandler) for EINT0_IRQHandler
    startup_lpc407x_8x_177x_8x.o(RESET) refers to adc.o(i.ADC_IRQHandler) for ADC_IRQHandler
    startup_lpc407x_8x_177x_8x.o(RESET) refers to motor.o(i.PWM0_IRQHandler) for PWM0_IRQHandler
    startup_lpc407x_8x_177x_8x.o(.text) refers to system_lpc407x_8x_177x_8x.o(i.SystemInit) for SystemInit
    startup_lpc407x_8x_177x_8x.o(.text) refers to entry.o(.ARM.Collect$$$$00000000) for __main
    system_lpc407x_8x_177x_8x.o(i.SystemCoreClockUpdate) refers to system_lpc407x_8x_177x_8x.o(.data) for SystemCoreClock
    system_lpc407x_8x_177x_8x.o(i.SystemInit) refers to system_lpc407x_8x_177x_8x.o(i.fpu_init) for fpu_init
    system_lpc407x_8x_177x_8x.o(i.SystemInit) refers to system_lpc407x_8x_177x_8x.o(i.SystemCoreClockUpdate) for SystemCoreClockUpdate
    system_lpc407x_8x_177x_8x.o(i.SystemInit) refers to system_lpc407x_8x_177x_8x.o(i.SystemInit_ExtMemCtl) for SystemInit_ExtMemCtl
    system_lpc407x_8x_177x_8x.o(i.SystemInit_ExtMemCtl) refers to system_lpc407x_8x_177x_8x.o(i._DelayMs) for _DelayMs
    system_lpc407x_8x_177x_8x.o(i._DelayMs) refers to system_lpc407x_8x_177x_8x.o(.data) for SystemCoreClock
    entry.o(.ARM.Collect$$$$00000000) refers (Special) to entry10a.o(.ARM.Collect$$$$0000000D) for __rt_final_cpp
    entry.o(.ARM.Collect$$$$00000000) refers (Special) to entry11a.o(.ARM.Collect$$$$0000000F) for __rt_final_exit
    entry.o(.ARM.Collect$$$$00000000) refers (Special) to entry7b.o(.ARM.Collect$$$$00000008) for _main_clock
    entry.o(.ARM.Collect$$$$00000000) refers (Special) to entry8b.o(.ARM.Collect$$$$0000000A) for _main_cpp_init
    entry.o(.ARM.Collect$$$$00000000) refers (Special) to entry9a.o(.ARM.Collect$$$$0000000B) for _main_init
    entry.o(.ARM.Collect$$$$00000000) refers (Special) to entry5.o(.ARM.Collect$$$$00000004) for _main_scatterload
    entry.o(.ARM.Collect$$$$00000000) refers (Special) to entry2.o(.ARM.Collect$$$$00000001) for _main_stk
    entry2.o(.ARM.Collect$$$$00000001) refers to entry2.o(.ARM.Collect$$$$00002712) for __lit__00000000
    entry2.o(.ARM.Collect$$$$00002712) refers to startup_lpc407x_8x_177x_8x.o(STACK) for __initial_sp
    entry2.o(__vectab_stack_and_reset_area) refers to startup_lpc407x_8x_177x_8x.o(STACK) for __initial_sp
    entry2.o(__vectab_stack_and_reset_area) refers to entry.o(.ARM.Collect$$$$00000000) for __main
    entry5.o(.ARM.Collect$$$$00000004) refers to init.o(.text) for __scatterload
    entry9a.o(.ARM.Collect$$$$0000000B) refers to main.o(i.main) for main
    entry9b.o(.ARM.Collect$$$$0000000C) refers to main.o(i.main) for main
    init.o(.text) refers to entry5.o(.ARM.Collect$$$$00000004) for __main_after_scatterload


==============================================================================

Removing Unused input sections from the image.

    Removing main.o(.rev16_text), (4 bytes).
    Removing main.o(.revsh_text), (4 bytes).
    Removing main.o(.rrx_text), (6 bytes).
    Removing main.o(.bss), (10 bytes).
    Removing main.o(.data), (41 bytes).
    Removing gpio.o(.rev16_text), (4 bytes).
    Removing gpio.o(.revsh_text), (4 bytes).
    Removing gpio.o(.rrx_text), (6 bytes).
    Removing gpio.o(i.GPIO_PIN_Read), (10 bytes).
    Removing gpio.o(i.GPIO_PIN_Write), (18 bytes).
    Removing motor.o(.rev16_text), (4 bytes).
    Removing motor.o(.revsh_text), (4 bytes).
    Removing motor.o(.rrx_text), (6 bytes).
    Removing joystick.o(.rev16_text), (4 bytes).
    Removing joystick.o(.revsh_text), (4 bytes).
    Removing joystick.o(.rrx_text), (6 bytes).
    Removing joystick.o(i.Joystick_Center_Pressed), (24 bytes).
    Removing joystick.o(i.Joystick_Down_Pressed), (24 bytes).
    Removing joystick.o(i.Joystick_Left_Pressed), (24 bytes).
    Removing joystick.o(i.Joystick_Right_Pressed), (24 bytes).
    Removing joystick.o(i.Joystick_Up_Pressed), (24 bytes).
    Removing signal.o(.rev16_text), (4 bytes).
    Removing signal.o(.revsh_text), (4 bytes).
    Removing signal.o(.rrx_text), (6 bytes).
    Removing timer.o(.rev16_text), (4 bytes).
    Removing timer.o(.revsh_text), (4 bytes).
    Removing timer.o(.rrx_text), (6 bytes).
    Removing ultrasonic.o(.rev16_text), (4 bytes).
    Removing ultrasonic.o(.revsh_text), (4 bytes).
    Removing ultrasonic.o(.rrx_text), (6 bytes).
    Removing ultrasonic.o(i.Ultrasonic_Capture_Timer_Init), (100 bytes).
    Removing ultrasonic.o(i.Ultrasonic_Init), (40 bytes).
    Removing ultrasonic.o(i.Ultrasonic_Start_Trigger_Timer), (56 bytes).
    Removing ultrasonic.o(i.Ultrasonic_Trigger_Timer_Init), (164 bytes).
    Removing ultrasonic.o(i.__NVIC_EnableIRQ), (26 bytes).
    Removing pwm.o(.rev16_text), (4 bytes).
    Removing pwm.o(.revsh_text), (4 bytes).
    Removing pwm.o(.rrx_text), (6 bytes).
    Removing led.o(.rev16_text), (4 bytes).
    Removing led.o(.revsh_text), (4 bytes).
    Removing led.o(.rrx_text), (6 bytes).
    Removing led.o(i.LED1_Off), (20 bytes).
    Removing led.o(i.LED1_On), (20 bytes).
    Removing led.o(i.LED2_Off), (20 bytes).
    Removing led.o(i.LED2_On), (20 bytes).
    Removing led.o(i.LED3_Off), (20 bytes).
    Removing led.o(i.LED3_On), (20 bytes).
    Removing led.o(i.LED4_Off), (20 bytes).
    Removing led.o(i.LED4_On), (20 bytes).
    Removing led.o(i.LED_OFF), (20 bytes).
    Removing led.o(i.LED_ON), (20 bytes).
    Removing command.o(.rev16_text), (4 bytes).
    Removing command.o(.revsh_text), (4 bytes).
    Removing command.o(.rrx_text), (6 bytes).
    Removing command.o(i.AUTONOMOUS), (12 bytes).
    Removing command.o(i.BACK), (100 bytes).
    Removing command.o(i.FINISH), (2 bytes).
    Removing command.o(i.STOP), (40 bytes).
    Removing command.o(i.TESTING), (12 bytes).
    Removing adc.o(.rev16_text), (4 bytes).
    Removing adc.o(.revsh_text), (4 bytes).
    Removing adc.o(.rrx_text), (6 bytes).
    Removing external.o(.rev16_text), (4 bytes).
    Removing external.o(.revsh_text), (4 bytes).
    Removing external.o(.rrx_text), (6 bytes).
    Removing serial.o(.rev16_text), (4 bytes).
    Removing serial.o(.revsh_text), (4 bytes).
    Removing serial.o(.rrx_text), (6 bytes).
    Removing serial.o(i.Clear_Serial_Buffer), (28 bytes).
    Removing hm10.o(.rev16_text), (4 bytes).
    Removing hm10.o(.revsh_text), (4 bytes).
    Removing hm10.o(.rrx_text), (6 bytes).
    Removing hm10.o(i.HM10_Check_Connection), (2 bytes).
    Removing hm10.o(i.HM10_Init), (2 bytes).
    Removing hm10.o(.bss), (10 bytes).
    Removing hm10.o(.data), (13 bytes).
    Removing startup_lpc407x_8x_177x_8x.o(HEAP), (0 bytes).
    Removing system_lpc407x_8x_177x_8x.o(.rev16_text), (4 bytes).
    Removing system_lpc407x_8x_177x_8x.o(.revsh_text), (4 bytes).
    Removing system_lpc407x_8x_177x_8x.o(.rrx_text), (6 bytes).

80 unused section(s) (total 1216 bytes) removed from the image.

==============================================================================

Image Symbol Table

    Local Symbols

    Symbol Name                              Value     Ov Type        Size  Object(Section)

    RESET                                    0x00000000   Section      228  startup_lpc407x_8x_177x_8x.o(RESET)
    ../clib/microlib/init/entry.s            0x00000000   Number         0  entry10b.o ABSOLUTE
    ../clib/microlib/init/entry.s            0x00000000   Number         0  entry.o ABSOLUTE
    ../clib/microlib/init/entry.s            0x00000000   Number         0  entry10a.o ABSOLUTE
    ../clib/microlib/init/entry.s            0x00000000   Number         0  entry9b.o ABSOLUTE
    ../clib/microlib/init/entry.s            0x00000000   Number         0  entry8a.o ABSOLUTE
    ../clib/microlib/init/entry.s            0x00000000   Number         0  entry7a.o ABSOLUTE
    ../clib/microlib/init/entry.s            0x00000000   Number         0  entry9a.o ABSOLUTE
    ../clib/microlib/init/entry.s            0x00000000   Number         0  entry11b.o ABSOLUTE
    ../clib/microlib/init/entry.s            0x00000000   Number         0  entry8b.o ABSOLUTE
    ../clib/microlib/init/entry.s            0x00000000   Number         0  entry11a.o ABSOLUTE
    ../clib/microlib/init/entry.s            0x00000000   Number         0  entry7b.o ABSOLUTE
    ../clib/microlib/init/entry.s            0x00000000   Number         0  entry5.o ABSOLUTE
    ../clib/microlib/init/entry.s            0x00000000   Number         0  entry2.o ABSOLUTE
    ADC.c                                    0x00000000   Number         0  adc.o ABSOLUTE
    ADC.c                                    0x00000000   Number         0  adc.o ABSOLUTE
    Command.c                                0x00000000   Number         0  command.o ABSOLUTE
    Command.c                                0x00000000   Number         0  command.o ABSOLUTE
    External.c                               0x00000000   Number         0  external.o ABSOLUTE
    External.c                               0x00000000   Number         0  external.o ABSOLUTE
    GPIO.c                                   0x00000000   Number         0  gpio.o ABSOLUTE
    GPIO.c                                   0x00000000   Number         0  gpio.o ABSOLUTE
    HM10.c                                   0x00000000   Number         0  hm10.o ABSOLUTE
    HM10.c                                   0x00000000   Number         0  hm10.o ABSOLUTE
    Joystick.c                               0x00000000   Number         0  joystick.o ABSOLUTE
    Joystick.c                               0x00000000   Number         0  joystick.o ABSOLUTE
    Led.c                                    0x00000000   Number         0  led.o ABSOLUTE
    Led.c                                    0x00000000   Number         0  led.o ABSOLUTE
    MOTOR.c                                  0x00000000   Number         0  motor.o ABSOLUTE
    MOTOR.c                                  0x00000000   Number         0  motor.o ABSOLUTE
    PWM.c                                    0x00000000   Number         0  pwm.o ABSOLUTE
    PWM.c                                    0x00000000   Number         0  pwm.o ABSOLUTE
    RTE\Device\LPC4088FET208\startup_LPC407x_8x_177x_8x.s 0x00000000   Number         0  startup_lpc407x_8x_177x_8x.o ABSOLUTE
    RTE\Device\LPC4088FET208\system_LPC407x_8x_177x_8x.c 0x00000000   Number         0  system_lpc407x_8x_177x_8x.o ABSOLUTE
    RTE\\Device\\LPC4088FET208\\system_LPC407x_8x_177x_8x.c 0x00000000   Number         0  system_lpc407x_8x_177x_8x.o ABSOLUTE
    Serial.c                                 0x00000000   Number         0  serial.o ABSOLUTE
    Serial.c                                 0x00000000   Number         0  serial.o ABSOLUTE
    Signal.c                                 0x00000000   Number         0  signal.o ABSOLUTE
    Signal.c                                 0x00000000   Number         0  signal.o ABSOLUTE
    TIMER.c                                  0x00000000   Number         0  timer.o ABSOLUTE
    TIMER.c                                  0x00000000   Number         0  timer.o ABSOLUTE
    Ultrasonic.c                             0x00000000   Number         0  ultrasonic.o ABSOLUTE
    Ultrasonic.c                             0x00000000   Number         0  ultrasonic.o ABSOLUTE
    dc.s                                     0x00000000   Number         0  dc.o ABSOLUTE
    handlers.s                               0x00000000   Number         0  handlers.o ABSOLUTE
    init.s                                   0x00000000   Number         0  init.o ABSOLUTE
    main.c                                   0x00000000   Number         0  main.o ABSOLUTE
    main.c                                   0x00000000   Number         0  main.o ABSOLUTE
    .ARM.Collect$$$$00000000                 0x000000e4   Section        0  entry.o(.ARM.Collect$$$$00000000)
    .ARM.Collect$$$$00000001                 0x000000e4   Section        4  entry2.o(.ARM.Collect$$$$00000001)
    .ARM.Collect$$$$00000004                 0x000000e8   Section        4  entry5.o(.ARM.Collect$$$$00000004)
    .ARM.Collect$$$$00000008                 0x000000ec   Section        0  entry7b.o(.ARM.Collect$$$$00000008)
    .ARM.Collect$$$$0000000A                 0x000000ec   Section        0  entry8b.o(.ARM.Collect$$$$0000000A)
    .ARM.Collect$$$$0000000B                 0x000000ec   Section        8  entry9a.o(.ARM.Collect$$$$0000000B)
    .ARM.Collect$$$$0000000D                 0x000000f4   Section        0  entry10a.o(.ARM.Collect$$$$0000000D)
    .ARM.Collect$$$$0000000F                 0x000000f4   Section        0  entry11a.o(.ARM.Collect$$$$0000000F)
    .ARM.Collect$$$$00002712                 0x000000f4   Section        4  entry2.o(.ARM.Collect$$$$00002712)
    __lit__00000000                          0x000000f4   Data           4  entry2.o(.ARM.Collect$$$$00002712)
    .text                                    0x000000f8   Section       36  startup_lpc407x_8x_177x_8x.o(.text)
    $v0                                      0x000000f8   Number         0  startup_lpc407x_8x_177x_8x.o(.text)
    .text                                    0x0000011c   Section       36  init.o(.text)
    i.ADC_IRQHandler                         0x00000140   Section        0  adc.o(i.ADC_IRQHandler)
    i.ADC_Init                               0x00000184   Section        0  adc.o(i.ADC_Init)
    i.ADC_Start                              0x00000270   Section        0  adc.o(i.ADC_Start)
    i.EINT0_IRQHandler                       0x0000028c   Section        0  external.o(i.EINT0_IRQHandler)
    i.__scatterload_null                     0x000002f0   Section        2  handlers.o(i.__scatterload_null)
    i.update                                 0x000002f2   Section        0  main.o(i.update)
    .ARM.__at_0x02FC                         0x000002fc   Section        4  startup_lpc407x_8x_177x_8x.o(.ARM.__at_0x02FC)
    i.External_Init                          0x00000300   Section        0  external.o(i.External_Init)
    i.FORWARD                                0x00000380   Section        0  command.o(i.FORWARD)
    i.Finish_Signal                          0x000003e4   Section        0  signal.o(i.Finish_Signal)
    i.GPIO_DIR_Write                         0x00000460   Section        0  gpio.o(i.GPIO_DIR_Write)
    i.Joystick_Init                          0x00000474   Section        0  joystick.o(i.Joystick_Init)
    i.LED1_Init                              0x000004fc   Section        0  led.o(i.LED1_Init)
    i.LED2_Init                              0x00000510   Section        0  led.o(i.LED2_Init)
    i.LED3_Init                              0x00000524   Section        0  led.o(i.LED3_Init)
    i.LED4_Init                              0x00000538   Section        0  led.o(i.LED4_Init)
    i.LED_Init                               0x0000054c   Section        0  led.o(i.LED_Init)
    i.LEFT                                   0x00000560   Section        0  command.o(i.LEFT)
    i.MOTOR_Init                             0x000005f4   Section        0  motor.o(i.MOTOR_Init)
    i.PWM0_IRQHandler                        0x000006b8   Section        0  motor.o(i.PWM0_IRQHandler)
    i.RIGHT                                  0x00000748   Section        0  command.o(i.RIGHT)
    i.SET_MOTOR_POWER                        0x000007dc   Section        0  motor.o(i.SET_MOTOR_POWER)
    i.Serial_Init                            0x00000818   Section        0  serial.o(i.Serial_Init)
    i.Serial_WriteData                       0x000008f4   Section        0  serial.o(i.Serial_WriteData)
    i.Signal_Init                            0x00000908   Section        0  signal.o(i.Signal_Init)
    i.Start_Signal                           0x000009cc   Section        0  signal.o(i.Start_Signal)
    i.SystemCoreClockUpdate                  0x00000a70   Section        0  system_lpc407x_8x_177x_8x.o(i.SystemCoreClockUpdate)
    i.SystemInit                             0x00000d44   Section        0  system_lpc407x_8x_177x_8x.o(i.SystemInit)
    i.SystemInit_ExtMemCtl                   0x00000e34   Section        0  system_lpc407x_8x_177x_8x.o(i.SystemInit_ExtMemCtl)
    i.TIMER1_IRQHandler                      0x0000102c   Section        0  signal.o(i.TIMER1_IRQHandler)
    i.TIMER2_IRQHandler                      0x00001098   Section        0  ultrasonic.o(i.TIMER2_IRQHandler)
    i.TIMER3_IRQHandler                      0x000010e4   Section        0  ultrasonic.o(i.TIMER3_IRQHandler)
    i.TIMER_Init                             0x0000116c   Section        0  timer.o(i.TIMER_Init)
    i.UART0_IRQHandler                       0x000011dc   Section        0  serial.o(i.UART0_IRQHandler)
    i._DelayMs                               0x0000124c   Section        0  system_lpc407x_8x_177x_8x.o(i._DelayMs)
    _DelayMs                                 0x0000124d   Thumb Code    38  system_lpc407x_8x_177x_8x.o(i._DelayMs)
    i.__NVIC_ClearPendingIRQ                 0x00001278   Section        0  command.o(i.__NVIC_ClearPendingIRQ)
    __NVIC_ClearPendingIRQ                   0x00001279   Thumb Code    22  command.o(i.__NVIC_ClearPendingIRQ)
    i.__NVIC_EnableIRQ                       0x00001294   Section        0  command.o(i.__NVIC_EnableIRQ)
    __NVIC_EnableIRQ                         0x00001295   Thumb Code    26  command.o(i.__NVIC_EnableIRQ)
    i.__scatterload_copy                     0x000012ae   Section       14  handlers.o(i.__scatterload_copy)
    i.__scatterload_zeroinit                 0x000012bc   Section       14  handlers.o(i.__scatterload_zeroinit)
    i.fpu_init                               0x000012cc   Section        0  system_lpc407x_8x_177x_8x.o(i.fpu_init)
    i.init                                   0x0000131c   Section        0  main.o(i.init)
    i.main                                   0x00001344   Section        0  main.o(i.main)
    .data                                    0x10000000   Section       12  motor.o(.data)
    MOTOR_POWER_IN_PERCENT                   0x10000000   Data           4  motor.o(.data)
    DEGREE_OF_TURN                           0x10000004   Data           4  motor.o(.data)
    NUMBER_OF_TURN                           0x10000008   Data           4  motor.o(.data)
    .data                                    0x1000000c   Section       16  signal.o(.data)
    milisecond_counter                       0x10000018   Data           4  signal.o(.data)
    .data                                    0x1000001c   Section       30  ultrasonic.o(.data)
    MOTOR_POWER_IN_PERCENT                   0x1000001c   Data           4  ultrasonic.o(.data)
    DEGREE_OF_TURN                           0x10000020   Data           4  ultrasonic.o(.data)
    NUMBER_OF_TURN                           0x10000024   Data           4  ultrasonic.o(.data)
    MODE                                     0x10000028   Data           4  ultrasonic.o(.data)
    .data                                    0x1000003c   Section       16  command.o(.data)
    MOTOR_POWER_IN_PERCENT                   0x1000003c   Data           4  command.o(.data)
    DEGREE_OF_TURN                           0x10000040   Data           4  command.o(.data)
    NUMBER_OF_TURN                           0x10000044   Data           4  command.o(.data)
    MODE                                     0x10000048   Data           4  command.o(.data)
    .data                                    0x1000004c   Section       12  adc.o(.data)
    .data                                    0x10000058   Section       24  external.o(.data)
    NUMBER_OF_MOTOR_TURN                     0x10000058   Data           4  external.o(.data)
    TURN_MICROSECOND                         0x1000005c   Data           4  external.o(.data)
    START_TC                                 0x10000060   Data           4  external.o(.data)
    MOTOR_POWER_IN_PERCENT                   0x10000064   Data           4  external.o(.data)
    DEGREE_OF_TURN                           0x10000068   Data           4  external.o(.data)
    NUMBER_OF_TURN                           0x1000006c   Data           4  external.o(.data)
    .data                                    0x10000070   Section       13  serial.o(.data)
    serialNewDataAvailable                   0x10000070   Data           1  serial.o(.data)
    serialReceiverCurrentIndex               0x10000074   Data           4  serial.o(.data)
    serialTransmitData                       0x10000078   Data           4  serial.o(.data)
    serialTransmitCompleted                  0x1000007c   Data           1  serial.o(.data)
    .data                                    0x10000080   Section       16  system_lpc407x_8x_177x_8x.o(.data)
    .bss                                     0x10000090   Section       10  serial.o(.bss)
    serialBuffer                             0x10000090   Data          10  serial.o(.bss)
    STACK                                    0x100000a0   Section     1024  startup_lpc407x_8x_177x_8x.o(STACK)

    Global Symbols

    Symbol Name                              Value     Ov Type        Size  Object(Section)

    BuildAttributes$$THM_ISAv4$E$P$D$K$B$S$7EM$VFPi3$EXTD16$VFPS$VFMA$PE$A:L22UL41UL21$X:L11$S22US41US21$IEEE1$IW$USESV6$~STKCKD$USESV7$~SHL$OSPACE$EBA8$MICROLIB$REQ8$PRES8$EABIv2 0x00000000   Number         0  anon$$obj.o ABSOLUTE
    __ARM_use_no_argv                        0x00000000   Number         0  main.o ABSOLUTE
    __Vectors                                0x00000000   Data           4  startup_lpc407x_8x_177x_8x.o(RESET)
    __cpp_initialize__aeabi_                  - Undefined Weak Reference
    __cxa_finalize                            - Undefined Weak Reference
    __decompress                              - Undefined Weak Reference
    _clock_init                               - Undefined Weak Reference
    _microlib_exit                            - Undefined Weak Reference
    __main                                   0x000000e5   Thumb Code     0  entry.o(.ARM.Collect$$$$00000000)
    _main_stk                                0x000000e5   Thumb Code     0  entry2.o(.ARM.Collect$$$$00000001)
    _main_scatterload                        0x000000e9   Thumb Code     0  entry5.o(.ARM.Collect$$$$00000004)
    __main_after_scatterload                 0x000000ed   Thumb Code     0  entry5.o(.ARM.Collect$$$$00000004)
    _main_clock                              0x000000ed   Thumb Code     0  entry7b.o(.ARM.Collect$$$$00000008)
    _main_cpp_init                           0x000000ed   Thumb Code     0  entry8b.o(.ARM.Collect$$$$0000000A)
    _main_init                               0x000000ed   Thumb Code     0  entry9a.o(.ARM.Collect$$$$0000000B)
    __rt_final_cpp                           0x000000f5   Thumb Code     0  entry10a.o(.ARM.Collect$$$$0000000D)
    __rt_final_exit                          0x000000f5   Thumb Code     0  entry11a.o(.ARM.Collect$$$$0000000F)
    Reset_Handler                            0x000000f9   Thumb Code     8  startup_lpc407x_8x_177x_8x.o(.text)
    NMI_Handler                              0x00000101   Thumb Code     2  startup_lpc407x_8x_177x_8x.o(.text)
    HardFault_Handler                        0x00000103   Thumb Code     2  startup_lpc407x_8x_177x_8x.o(.text)
    MemManage_Handler                        0x00000105   Thumb Code     2  startup_lpc407x_8x_177x_8x.o(.text)
    BusFault_Handler                         0x00000107   Thumb Code     2  startup_lpc407x_8x_177x_8x.o(.text)
    UsageFault_Handler                       0x00000109   Thumb Code     2  startup_lpc407x_8x_177x_8x.o(.text)
    SVC_Handler                              0x0000010b   Thumb Code     2  startup_lpc407x_8x_177x_8x.o(.text)
    DebugMon_Handler                         0x0000010d   Thumb Code     2  startup_lpc407x_8x_177x_8x.o(.text)
    PendSV_Handler                           0x0000010f   Thumb Code     2  startup_lpc407x_8x_177x_8x.o(.text)
    SysTick_Handler                          0x00000111   Thumb Code     2  startup_lpc407x_8x_177x_8x.o(.text)
    BOD_IRQHandler                           0x00000113   Thumb Code     0  startup_lpc407x_8x_177x_8x.o(.text)
    CANActivity_IRQHandler                   0x00000113   Thumb Code     0  startup_lpc407x_8x_177x_8x.o(.text)
    CAN_IRQHandler                           0x00000113   Thumb Code     0  startup_lpc407x_8x_177x_8x.o(.text)
    DMA_IRQHandler                           0x00000113   Thumb Code     0  startup_lpc407x_8x_177x_8x.o(.text)
    EEPROM_IRQHandler                        0x00000113   Thumb Code     0  startup_lpc407x_8x_177x_8x.o(.text)
    EINT1_IRQHandler                         0x00000113   Thumb Code     0  startup_lpc407x_8x_177x_8x.o(.text)
    EINT2_IRQHandler                         0x00000113   Thumb Code     0  startup_lpc407x_8x_177x_8x.o(.text)
    EINT3_IRQHandler                         0x00000113   Thumb Code     0  startup_lpc407x_8x_177x_8x.o(.text)
    ENET_IRQHandler                          0x00000113   Thumb Code     0  startup_lpc407x_8x_177x_8x.o(.text)
    GPIO_IRQHandler                          0x00000113   Thumb Code     0  startup_lpc407x_8x_177x_8x.o(.text)
    I2C0_IRQHandler                          0x00000113   Thumb Code     0  startup_lpc407x_8x_177x_8x.o(.text)
    I2C1_IRQHandler                          0x00000113   Thumb Code     0  startup_lpc407x_8x_177x_8x.o(.text)
    I2C2_IRQHandler                          0x00000113   Thumb Code     0  startup_lpc407x_8x_177x_8x.o(.text)
    I2S_IRQHandler                           0x00000113   Thumb Code     0  startup_lpc407x_8x_177x_8x.o(.text)
    LCD_IRQHandler                           0x00000113   Thumb Code     0  startup_lpc407x_8x_177x_8x.o(.text)
    MCI_IRQHandler                           0x00000113   Thumb Code     0  startup_lpc407x_8x_177x_8x.o(.text)
    MCPWM_IRQHandler                         0x00000113   Thumb Code     0  startup_lpc407x_8x_177x_8x.o(.text)
    PLL0_IRQHandler                          0x00000113   Thumb Code     0  startup_lpc407x_8x_177x_8x.o(.text)
    PLL1_IRQHandler                          0x00000113   Thumb Code     0  startup_lpc407x_8x_177x_8x.o(.text)
    PWM1_IRQHandler                          0x00000113   Thumb Code     0  startup_lpc407x_8x_177x_8x.o(.text)
    QEI_IRQHandler                           0x00000113   Thumb Code     0  startup_lpc407x_8x_177x_8x.o(.text)
    RTC_IRQHandler                           0x00000113   Thumb Code     0  startup_lpc407x_8x_177x_8x.o(.text)
    SSP0_IRQHandler                          0x00000113   Thumb Code     0  startup_lpc407x_8x_177x_8x.o(.text)
    SSP1_IRQHandler                          0x00000113   Thumb Code     0  startup_lpc407x_8x_177x_8x.o(.text)
    SSP2_IRQHandler                          0x00000113   Thumb Code     0  startup_lpc407x_8x_177x_8x.o(.text)
    TIMER0_IRQHandler                        0x00000113   Thumb Code     0  startup_lpc407x_8x_177x_8x.o(.text)
    UART1_IRQHandler                         0x00000113   Thumb Code     0  startup_lpc407x_8x_177x_8x.o(.text)
    UART2_IRQHandler                         0x00000113   Thumb Code     0  startup_lpc407x_8x_177x_8x.o(.text)
    UART3_IRQHandler                         0x00000113   Thumb Code     0  startup_lpc407x_8x_177x_8x.o(.text)
    UART4_IRQHandler                         0x00000113   Thumb Code     0  startup_lpc407x_8x_177x_8x.o(.text)
    USBActivity_IRQHandler                   0x00000113   Thumb Code     0  startup_lpc407x_8x_177x_8x.o(.text)
    USB_IRQHandler                           0x00000113   Thumb Code     0  startup_lpc407x_8x_177x_8x.o(.text)
    WDT_IRQHandler                           0x00000113   Thumb Code     0  startup_lpc407x_8x_177x_8x.o(.text)
    __scatterload                            0x0000011d   Thumb Code    28  init.o(.text)
    __scatterload_rt2                        0x0000011d   Thumb Code     0  init.o(.text)
    ADC_IRQHandler                           0x00000141   Thumb Code    50  adc.o(i.ADC_IRQHandler)
    ADC_Init                                 0x00000185   Thumb Code   220  adc.o(i.ADC_Init)
    ADC_Start                                0x00000271   Thumb Code    24  adc.o(i.ADC_Start)
    EINT0_IRQHandler                         0x0000028d   Thumb Code    74  external.o(i.EINT0_IRQHandler)
    __scatterload_null                       0x000002f1   Thumb Code     2  handlers.o(i.__scatterload_null)
    update                                   0x000002f3   Thumb Code     2  main.o(i.update)
    External_Init                            0x00000301   Thumb Code   112  external.o(i.External_Init)
    FORWARD                                  0x00000381   Thumb Code    90  command.o(i.FORWARD)
    Finish_Signal                            0x000003e5   Thumb Code   104  signal.o(i.Finish_Signal)
    GPIO_DIR_Write                           0x00000461   Thumb Code    18  gpio.o(i.GPIO_DIR_Write)
    Joystick_Init                            0x00000475   Thumb Code   124  joystick.o(i.Joystick_Init)
    LED1_Init                                0x000004fd   Thumb Code    14  led.o(i.LED1_Init)
    LED2_Init                                0x00000511   Thumb Code    14  led.o(i.LED2_Init)
    LED3_Init                                0x00000525   Thumb Code    14  led.o(i.LED3_Init)
    LED4_Init                                0x00000539   Thumb Code    14  led.o(i.LED4_Init)
    LED_Init                                 0x0000054d   Thumb Code    20  led.o(i.LED_Init)
    LEFT                                     0x00000561   Thumb Code   130  command.o(i.LEFT)
    MOTOR_Init                               0x000005f5   Thumb Code   176  motor.o(i.MOTOR_Init)
    PWM0_IRQHandler                          0x000006b9   Thumb Code   128  motor.o(i.PWM0_IRQHandler)
    RIGHT                                    0x00000749   Thumb Code   130  command.o(i.RIGHT)
    SET_MOTOR_POWER                          0x000007dd   Thumb Code    56  motor.o(i.SET_MOTOR_POWER)
    Serial_Init                              0x00000819   Thumb Code   200  serial.o(i.Serial_Init)
    Serial_WriteData                         0x000008f5   Thumb Code    12  serial.o(i.Serial_WriteData)
    Signal_Init                              0x00000909   Thumb Code   178  signal.o(i.Signal_Init)
    Start_Signal                             0x000009cd   Thumb Code   144  signal.o(i.Start_Signal)
    SystemCoreClockUpdate                    0x00000a71   Thumb Code   696  system_lpc407x_8x_177x_8x.o(i.SystemCoreClockUpdate)
    SystemInit                               0x00000d45   Thumb Code   224  system_lpc407x_8x_177x_8x.o(i.SystemInit)
    SystemInit_ExtMemCtl                     0x00000e35   Thumb Code   468  system_lpc407x_8x_177x_8x.o(i.SystemInit_ExtMemCtl)
    TIMER1_IRQHandler                        0x0000102d   Thumb Code    88  signal.o(i.TIMER1_IRQHandler)
    TIMER2_IRQHandler                        0x00001099   Thumb Code    68  ultrasonic.o(i.TIMER2_IRQHandler)
    TIMER3_IRQHandler                        0x000010e5   Thumb Code   110  ultrasonic.o(i.TIMER3_IRQHandler)
    TIMER_Init                               0x0000116d   Thumb Code    98  timer.o(i.TIMER_Init)
    UART0_IRQHandler                         0x000011dd   Thumb Code    86  serial.o(i.UART0_IRQHandler)
    __scatterload_copy                       0x000012af   Thumb Code    14  handlers.o(i.__scatterload_copy)
    __scatterload_zeroinit                   0x000012bd   Thumb Code    14  handlers.o(i.__scatterload_zeroinit)
    fpu_init                                 0x000012cd   Thumb Code    62  system_lpc407x_8x_177x_8x.o(i.fpu_init)
    init                                     0x0000131d   Thumb Code    40  main.o(i.init)
    main                                     0x00001345   Thumb Code    12  main.o(i.main)
    Region$$Table$$Base                      0x00001350   Number         0  anon$$obj.o(Region$$Table)
    Region$$Table$$Limit                     0x00001370   Number         0  anon$$obj.o(Region$$Table)
    TURN_ON                                  0x1000000c   Data           1  signal.o(.data)
    TURNING_MASK                             0x10000010   Data           4  signal.o(.data)
    TURNING_PORT                             0x10000014   Data           4  signal.o(.data)
    ultrasonicSensorRisingCaptureTime        0x1000002c   Data           4  ultrasonic.o(.data)
    ultrasonicSensorFallingCaptureTime       0x10000030   Data           4  ultrasonic.o(.data)
    ultrasonicSensorDistance                 0x10000034   Data           4  ultrasonic.o(.data)
    ultrasonicSensorTriggerStart             0x10000038   Data           1  ultrasonic.o(.data)
    ultrasonicSensorCaptureRisingEdge        0x10000039   Data           1  ultrasonic.o(.data)
    LDR1_Last                                0x1000004c   Data           4  adc.o(.data)
    LDR2_Last                                0x10000050   Data           4  adc.o(.data)
    Potentiometer_Last                       0x10000054   Data           4  adc.o(.data)
    SystemCoreClock                          0x10000080   Data           4  system_lpc407x_8x_177x_8x.o(.data)
    PeripheralClock                          0x10000084   Data           4  system_lpc407x_8x_177x_8x.o(.data)
    EMCClock                                 0x10000088   Data           4  system_lpc407x_8x_177x_8x.o(.data)
    USBClock                                 0x1000008c   Data           4  system_lpc407x_8x_177x_8x.o(.data)
    __initial_sp                             0x100004a0   Data           0  startup_lpc407x_8x_177x_8x.o(STACK)



==============================================================================

Memory Map of the image

  Image Entry point : 0x000000f9

  Load Region LR_1 (Base: 0x00000000, Size: 0x00001400, Max: 0xffffffff, ABSOLUTE)

    Execution Region ER_RO (Exec base: 0x00000000, Load base: 0x00000000, Size: 0x00001370, Max: 0xffffffff, ABSOLUTE)

    Exec Addr    Load Addr    Size         Type   Attr      Idx    E Section Name        Object

    0x00000000   0x00000000   0x000000e4   Data   RO          780    RESET               startup_lpc407x_8x_177x_8x.o
    0x000000e4   0x000000e4   0x00000000   Code   RO          841  * .ARM.Collect$$$$00000000  mc_w.l(entry.o)
    0x000000e4   0x000000e4   0x00000004   Code   RO          844    .ARM.Collect$$$$00000001  mc_w.l(entry2.o)
    0x000000e8   0x000000e8   0x00000004   Code   RO          847    .ARM.Collect$$$$00000004  mc_w.l(entry5.o)
    0x000000ec   0x000000ec   0x00000000   Code   RO          849    .ARM.Collect$$$$00000008  mc_w.l(entry7b.o)
    0x000000ec   0x000000ec   0x00000000   Code   RO          851    .ARM.Collect$$$$0000000A  mc_w.l(entry8b.o)
    0x000000ec   0x000000ec   0x00000008   Code   RO          852    .ARM.Collect$$$$0000000B  mc_w.l(entry9a.o)
    0x000000f4   0x000000f4   0x00000000   Code   RO          854    .ARM.Collect$$$$0000000D  mc_w.l(entry10a.o)
    0x000000f4   0x000000f4   0x00000000   Code   RO          856    .ARM.Collect$$$$0000000F  mc_w.l(entry11a.o)
    0x000000f4   0x000000f4   0x00000004   Code   RO          845    .ARM.Collect$$$$00002712  mc_w.l(entry2.o)
    0x000000f8   0x000000f8   0x00000024   Code   RO          782  * .text               startup_lpc407x_8x_177x_8x.o
    0x0000011c   0x0000011c   0x00000024   Code   RO          858    .text               mc_w.l(init.o)
    0x00000140   0x00000140   0x00000044   Code   RO          617    i.ADC_IRQHandler    adc.o
    0x00000184   0x00000184   0x000000ec   Code   RO          618    i.ADC_Init          adc.o
    0x00000270   0x00000270   0x0000001c   Code   RO          619    i.ADC_Start         adc.o
    0x0000028c   0x0000028c   0x00000064   Code   RO          659    i.EINT0_IRQHandler  external.o
    0x000002f0   0x000002f0   0x00000002   Code   RO          863    i.__scatterload_null  mc_w.l(handlers.o)
    0x000002f2   0x000002f2   0x00000002   Code   RO            6    i.update            main.o
    0x000002f4   0x000002f4   0x00000008   PAD
    0x000002fc   0x000002fc   0x00000004   Code   RO          781    .ARM.__at_0x02FC    startup_lpc407x_8x_177x_8x.o
    0x00000300   0x00000300   0x00000080   Code   RO          660    i.External_Init     external.o
    0x00000380   0x00000380   0x00000064   Code   RO          538    i.FORWARD           command.o
    0x000003e4   0x000003e4   0x0000007c   Code   RO          258    i.Finish_Signal     signal.o
    0x00000460   0x00000460   0x00000012   Code   RO          123    i.GPIO_DIR_Write    gpio.o
    0x00000472   0x00000472   0x00000002   PAD
    0x00000474   0x00000474   0x00000088   Code   RO          206    i.Joystick_Init     joystick.o
    0x000004fc   0x000004fc   0x00000014   Code   RO          424    i.LED1_Init         led.o
    0x00000510   0x00000510   0x00000014   Code   RO          427    i.LED2_Init         led.o
    0x00000524   0x00000524   0x00000014   Code   RO          430    i.LED3_Init         led.o
    0x00000538   0x00000538   0x00000014   Code   RO          433    i.LED4_Init         led.o
    0x0000054c   0x0000054c   0x00000014   Code   RO          436    i.LED_Init          led.o
    0x00000560   0x00000560   0x00000094   Code   RO          539    i.LEFT              command.o
    0x000005f4   0x000005f4   0x000000c4   Code   RO          159    i.MOTOR_Init        motor.o
    0x000006b8   0x000006b8   0x00000090   Code   RO          160    i.PWM0_IRQHandler   motor.o
    0x00000748   0x00000748   0x00000094   Code   RO          540    i.RIGHT             command.o
    0x000007dc   0x000007dc   0x0000003c   Code   RO          161    i.SET_MOTOR_POWER   motor.o
    0x00000818   0x00000818   0x000000dc   Code   RO          692    i.Serial_Init       serial.o
    0x000008f4   0x000008f4   0x00000014   Code   RO          693    i.Serial_WriteData  serial.o
    0x00000908   0x00000908   0x000000c4   Code   RO          259    i.Signal_Init       signal.o
    0x000009cc   0x000009cc   0x000000a4   Code   RO          260    i.Start_Signal      signal.o
    0x00000a70   0x00000a70   0x000002d4   Code   RO          791    i.SystemCoreClockUpdate  system_lpc407x_8x_177x_8x.o
    0x00000d44   0x00000d44   0x000000f0   Code   RO          792    i.SystemInit        system_lpc407x_8x_177x_8x.o
    0x00000e34   0x00000e34   0x000001f8   Code   RO          793    i.SystemInit_ExtMemCtl  system_lpc407x_8x_177x_8x.o
    0x0000102c   0x0000102c   0x0000006c   Code   RO          261    i.TIMER1_IRQHandler  signal.o
    0x00001098   0x00001098   0x0000004c   Code   RO          334    i.TIMER2_IRQHandler  ultrasonic.o
    0x000010e4   0x000010e4   0x00000088   Code   RO          335    i.TIMER3_IRQHandler  ultrasonic.o
    0x0000116c   0x0000116c   0x00000070   Code   RO          307    i.TIMER_Init        timer.o
    0x000011dc   0x000011dc   0x00000070   Code   RO          694    i.UART0_IRQHandler  serial.o
    0x0000124c   0x0000124c   0x0000002c   Code   RO          794    i._DelayMs          system_lpc407x_8x_177x_8x.o
    0x00001278   0x00001278   0x0000001c   Code   RO          543    i.__NVIC_ClearPendingIRQ  command.o
    0x00001294   0x00001294   0x0000001a   Code   RO          544    i.__NVIC_EnableIRQ  command.o
    0x000012ae   0x000012ae   0x0000000e   Code   RO          862    i.__scatterload_copy  mc_w.l(handlers.o)
    0x000012bc   0x000012bc   0x0000000e   Code   RO          864    i.__scatterload_zeroinit  mc_w.l(handlers.o)
    0x000012ca   0x000012ca   0x00000002   PAD
    0x000012cc   0x000012cc   0x00000050   Code   RO          795    i.fpu_init          system_lpc407x_8x_177x_8x.o
    0x0000131c   0x0000131c   0x00000028   Code   RO            4    i.init              main.o
    0x00001344   0x00001344   0x0000000c   Code   RO            5    i.main              main.o
    0x00001350   0x00001350   0x00000020   Data   RO          860    Region$$Table       anon$$obj.o


    Execution Region ER_RW (Exec base: 0x10000000, Load base: 0x00001370, Size: 0x00000090, Max: 0xffffffff, ABSOLUTE)

    Exec Addr    Load Addr    Size         Type   Attr      Idx    E Section Name        Object

    0x10000000   0x00001370   0x0000000c   Data   RW          162    .data               motor.o
    0x1000000c   0x0000137c   0x00000010   Data   RW          262    .data               signal.o
    0x1000001c   0x0000138c   0x0000001e   Data   RW          341    .data               ultrasonic.o
    0x1000003a   0x000013aa   0x00000002   PAD
    0x1000003c   0x000013ac   0x00000010   Data   RW          545    .data               command.o
    0x1000004c   0x000013bc   0x0000000c   Data   RW          620    .data               adc.o
    0x10000058   0x000013c8   0x00000018   Data   RW          661    .data               external.o
    0x10000070   0x000013e0   0x0000000d   Data   RW          696    .data               serial.o
    0x1000007d   0x000013ed   0x00000003   PAD
    0x10000080   0x000013f0   0x00000010   Data   RW          796    .data               system_lpc407x_8x_177x_8x.o


    Execution Region ER_ZI (Exec base: 0x10000090, Load base: 0x00001400, Size: 0x00000410, Max: 0xffffffff, ABSOLUTE)

    Exec Addr    Load Addr    Size         Type   Attr      Idx    E Section Name        Object

    0x10000090        -       0x0000000a   Zero   RW          695    .bss                serial.o
    0x1000009a   0x00001400   0x00000006   PAD
    0x100000a0        -       0x00000400   Zero   RW          778    STACK               startup_lpc407x_8x_177x_8x.o


==============================================================================

Image component sizes


      Code (inc. data)   RO Data    RW Data    ZI Data      Debug   Object Name

       332         38          0         12          0       1845   adc.o
       450         52          0         16          0      32840   command.o
       228         42          0         24          0       1467   external.o
        18          0          0          0          0        881   gpio.o
       136         12          0          0          0        488   joystick.o
       100         24          0          0          0       2203   led.o
        54          0          0          0          0      30439   main.o
       400         40          0         12          0      32012   motor.o
       352         54          0         13         10      32191   serial.o
       592         78          0         16          0      33360   signal.o
        40         12        228          0       1024       1104   startup_lpc407x_8x_177x_8x.o
      1592        104          0         16          0       8839   system_lpc407x_8x_177x_8x.o
       112         14          0          0          0        453   timer.o
       212         34          0         30          0       1667   ultrasonic.o

    ----------------------------------------------------------------------
      4628        504        260        144       1040     179789   Object Totals
         0          0         32          0          0          0   (incl. Generated)
        10          0          0          5          6          0   (incl. Padding)

    ----------------------------------------------------------------------

      Code (inc. data)   RO Data    RW Data    ZI Data      Debug   Library Member Name

         0          0          0          0          0          0   entry.o
         0          0          0          0          0          0   entry10a.o
         0          0          0          0          0          0   entry11a.o
         8          4          0          0          0          0   entry2.o
         4          0          0          0          0          0   entry5.o
         0          0          0          0          0          0   entry7b.o
         0          0          0          0          0          0   entry8b.o
         8          4          0          0          0          0   entry9a.o
        30          0          0          0          0          0   handlers.o
        36          8          0          0          0         68   init.o

    ----------------------------------------------------------------------
        88         16          0          0          0         68   Library Totals
         2          0          0          0          0          0   (incl. Padding)

    ----------------------------------------------------------------------

      Code (inc. data)   RO Data    RW Data    ZI Data      Debug   Library Name

        86         16          0          0          0         68   mc_w.l

    ----------------------------------------------------------------------
        88         16          0          0          0         68   Library Totals

    ----------------------------------------------------------------------

==============================================================================


      Code (inc. data)   RO Data    RW Data    ZI Data      Debug   

      4716        520        260        144       1040     176761   Grand Totals
      4716        520        260        144       1040     176761   ELF Image Totals
      4716        520        260        144          0          0   ROM Totals

==============================================================================

    Total RO  Size (Code + RO Data)                 4976 (   4.86kB)
    Total RW  Size (RW Data + ZI Data)              1184 (   1.16kB)
    Total ROM Size (Code + RO Data + RW Data)       5120 (   5.00kB)

==============================================================================

