Component: ARM Compiler 5.06 update 6 (build 750) Tool: armlink [4d35ed]

==============================================================================

Section Cross References

    main.o(i.init) refers to joystick.o(i.Joystick_Init) for Joystick_Init
    main.o(i.init) refers to motor.o(i.MOTOR_Init) for MOTOR_Init
    main.o(i.init) refers to timer.o(i.TIMER_Init) for TIMER_Init
    main.o(i.init) refers to led.o(i.LED_Init) for LED_Init
    main.o(i.init) refers to signal.o(i.Signal_Init) for Signal_Init
    main.o(i.init) refers to adc.o(i.ADC_Init) for ADC_Init
    main.o(i.init) refers to adc.o(i.ADC_Start) for ADC_Start
    main.o(i.init) refers to external.o(i.External_Init) for External_Init
    main.o(i.init) refers to serial.o(i.Serial_Init) for Serial_Init
    main.o(i.init) refers to hm10.o(i.HM10_Init) for HM10_Init
    main.o(i.main) refers to main.o(i.init) for init
    main.o(i.main) refers to main.o(i.update) for update
    main.o(i.update) refers to strcmp.o(.text) for strcmp
    main.o(i.update) refers to command.o(i.FORWARD) for FORWARD
    main.o(i.update) refers to serial.o(i.Clear_serialBuffer) for Clear_serialBuffer
    main.o(i.update) refers to command.o(i.BACK) for BACK
    main.o(i.update) refers to command.o(i.STOP) for STOP
    main.o(i.update) refers to command.o(i.RIGHT) for RIGHT
    main.o(i.update) refers to command.o(i.LEFT) for LEFT
    main.o(i.update) refers to serial.o(.data) for serialNewDataAvailable
    main.o(i.update) refers to serial.o(.bss) for serialBuffer
    motor.o(i.MOTOR_Init) refers to motor.o(i.SET_MOTOR_POWER) for SET_MOTOR_POWER
    motor.o(i.PWM0_IRQHandler) refers to motor.o(i.SET_MOTOR_POWER) for SET_MOTOR_POWER
    motor.o(i.PWM0_IRQHandler) refers to signal.o(i.Finish_Signal) for Finish_Signal
    motor.o(i.PWM0_IRQHandler) refers to motor.o(.data) for NUMBER_OF_TURN
    joystick.o(i.Joystick_Center_Pressed) refers to gpio.o(i.GPIO_PIN_Read) for GPIO_PIN_Read
    joystick.o(i.Joystick_Down_Pressed) refers to gpio.o(i.GPIO_PIN_Read) for GPIO_PIN_Read
    joystick.o(i.Joystick_Init) refers to gpio.o(i.GPIO_DIR_Write) for GPIO_DIR_Write
    joystick.o(i.Joystick_Left_Pressed) refers to gpio.o(i.GPIO_PIN_Read) for GPIO_PIN_Read
    joystick.o(i.Joystick_Right_Pressed) refers to gpio.o(i.GPIO_PIN_Read) for GPIO_PIN_Read
    joystick.o(i.Joystick_Up_Pressed) refers to gpio.o(i.GPIO_PIN_Read) for GPIO_PIN_Read
    signal.o(i.Finish_Signal) refers to signal.o(.data) for TURNING_MASK
    signal.o(i.Start_Signal) refers to signal.o(.data) for TURNING_PORT
    signal.o(i.TIMER1_IRQHandler) refers to signal.o(.data) for milisecond_counter
    ultrasonic.o(i.TIMER2_IRQHandler) refers to ultrasonic.o(.data) for ultrasonicSensorTriggerStart
    ultrasonic.o(i.TIMER3_IRQHandler) refers to ultrasonic.o(.data) for ultrasonicSensorCaptureRisingEdge
    ultrasonic.o(i.Ultrasonic_Capture_Timer_Init) refers to ultrasonic.o(i.__NVIC_EnableIRQ) for __NVIC_EnableIRQ
    ultrasonic.o(i.Ultrasonic_Init) refers to ultrasonic.o(i.Ultrasonic_Trigger_Timer_Init) for Ultrasonic_Trigger_Timer_Init
    ultrasonic.o(i.Ultrasonic_Init) refers to ultrasonic.o(i.Ultrasonic_Capture_Timer_Init) for Ultrasonic_Capture_Timer_Init
    ultrasonic.o(i.Ultrasonic_Trigger_Timer_Init) refers to ultrasonic.o(i.__NVIC_EnableIRQ) for __NVIC_EnableIRQ
    led.o(i.LED1_Init) refers to gpio.o(i.GPIO_DIR_Write) for GPIO_DIR_Write
    led.o(i.LED1_Off) refers to gpio.o(i.GPIO_PIN_Write) for GPIO_PIN_Write
    led.o(i.LED1_On) refers to gpio.o(i.GPIO_PIN_Write) for GPIO_PIN_Write
    led.o(i.LED2_Init) refers to gpio.o(i.GPIO_DIR_Write) for GPIO_DIR_Write
    led.o(i.LED2_Off) refers to gpio.o(i.GPIO_PIN_Write) for GPIO_PIN_Write
    led.o(i.LED2_On) refers to gpio.o(i.GPIO_PIN_Write) for GPIO_PIN_Write
    led.o(i.LED3_Init) refers to gpio.o(i.GPIO_DIR_Write) for GPIO_DIR_Write
    led.o(i.LED3_Off) refers to gpio.o(i.GPIO_PIN_Write) for GPIO_PIN_Write
    led.o(i.LED3_On) refers to gpio.o(i.GPIO_PIN_Write) for GPIO_PIN_Write
    led.o(i.LED4_Init) refers to gpio.o(i.GPIO_DIR_Write) for GPIO_DIR_Write
    led.o(i.LED4_Off) refers to gpio.o(i.GPIO_PIN_Write) for GPIO_PIN_Write
    led.o(i.LED4_On) refers to gpio.o(i.GPIO_PIN_Write) for GPIO_PIN_Write
    led.o(i.LED_Init) refers to led.o(i.LED1_Init) for LED1_Init
    led.o(i.LED_Init) refers to led.o(i.LED2_Init) for LED2_Init
    led.o(i.LED_Init) refers to led.o(i.LED3_Init) for LED3_Init
    led.o(i.LED_Init) refers to led.o(i.LED4_Init) for LED4_Init
    led.o(i.LED_OFF) refers to led.o(i.LED1_Off) for LED1_Off
    led.o(i.LED_OFF) refers to led.o(i.LED2_Off) for LED2_Off
    led.o(i.LED_OFF) refers to led.o(i.LED3_Off) for LED3_Off
    led.o(i.LED_OFF) refers to led.o(i.LED4_Off) for LED4_Off
    led.o(i.LED_ON) refers to led.o(i.LED1_On) for LED1_On
    led.o(i.LED_ON) refers to led.o(i.LED2_On) for LED2_On
    led.o(i.LED_ON) refers to led.o(i.LED3_On) for LED3_On
    led.o(i.LED_ON) refers to led.o(i.LED4_On) for LED4_On
    command.o(i.AUTONOMOUS) refers to command.o(.data) for MODE
    command.o(i.BACK) refers to motor.o(i.SET_MOTOR_POWER) for SET_MOTOR_POWER
    command.o(i.BACK) refers to command.o(.data) for MOTOR_POWER_IN_PERCENT
    command.o(i.FORWARD) refers to motor.o(i.SET_MOTOR_POWER) for SET_MOTOR_POWER
    command.o(i.FORWARD) refers to command.o(.data) for MOTOR_POWER_IN_PERCENT
    command.o(i.LEFT) refers to command.o(i.__NVIC_EnableIRQ) for __NVIC_EnableIRQ
    command.o(i.LEFT) refers to command.o(i.__NVIC_ClearPendingIRQ) for __NVIC_ClearPendingIRQ
    command.o(i.LEFT) refers to motor.o(i.SET_MOTOR_POWER) for SET_MOTOR_POWER
    command.o(i.LEFT) refers to signal.o(i.Start_Signal) for Start_Signal
    command.o(i.LEFT) refers to command.o(.data) for DEGREE_OF_TURN
    command.o(i.RIGHT) refers to command.o(i.__NVIC_EnableIRQ) for __NVIC_EnableIRQ
    command.o(i.RIGHT) refers to command.o(i.__NVIC_ClearPendingIRQ) for __NVIC_ClearPendingIRQ
    command.o(i.RIGHT) refers to motor.o(i.SET_MOTOR_POWER) for SET_MOTOR_POWER
    command.o(i.RIGHT) refers to signal.o(i.Start_Signal) for Start_Signal
    command.o(i.RIGHT) refers to command.o(.data) for DEGREE_OF_TURN
    command.o(i.STOP) refers to motor.o(i.SET_MOTOR_POWER) for SET_MOTOR_POWER
    command.o(i.TESTING) refers to command.o(.data) for MODE
    adc.o(i.ADC_IRQHandler) refers to adc.o(.data) for Potentiometer_Last
    external.o(i.EINT0_IRQHandler) refers to external.o(.data) for NUMBER_OF_MOTOR_TURN
    serial.o(i.Clear_serialBuffer) refers to serial.o(.data) for serialReceiverCurrentIndex
    serial.o(i.Clear_serialBuffer) refers to serial.o(.bss) for serialBuffer
    serial.o(i.Serial_WriteData) refers to serial.o(.data) for serialTransmitCompleted
    serial.o(i.UART0_IRQHandler) refers to serial.o(i.Serial_WriteData) for Serial_WriteData
    serial.o(i.UART0_IRQHandler) refers to serial.o(i.Clear_serialBuffer) for Clear_serialBuffer
    serial.o(i.UART0_IRQHandler) refers to serial.o(.data) for serialReceiverCurrentIndex
    serial.o(i.UART0_IRQHandler) refers to serial.o(.bss) for serialBuffer
    hm10.o(i.HM10_Init) refers to serial.o(i.Serial_WriteData) for Serial_WriteData
    hm10.o(i.HM10_Init) refers to serial.o(.data) for serialTransmitData
    startup_lpc407x_8x_177x_8x.o(RESET) refers to startup_lpc407x_8x_177x_8x.o(STACK) for __initial_sp
    startup_lpc407x_8x_177x_8x.o(RESET) refers to startup_lpc407x_8x_177x_8x.o(.text) for Reset_Handler
    startup_lpc407x_8x_177x_8x.o(RESET) refers to signal.o(i.TIMER1_IRQHandler) for TIMER1_IRQHandler
    startup_lpc407x_8x_177x_8x.o(RESET) refers to ultrasonic.o(i.TIMER2_IRQHandler) for TIMER2_IRQHandler
    startup_lpc407x_8x_177x_8x.o(RESET) refers to ultrasonic.o(i.TIMER3_IRQHandler) for TIMER3_IRQHandler
    startup_lpc407x_8x_177x_8x.o(RESET) refers to serial.o(i.UART0_IRQHandler) for UART0_IRQHandler
    startup_lpc407x_8x_177x_8x.o(RESET) refers to external.o(i.EINT0_IRQHandler) for EINT0_IRQHandler
    startup_lpc407x_8x_177x_8x.o(RESET) refers to adc.o(i.ADC_IRQHandler) for ADC_IRQHandler
    startup_lpc407x_8x_177x_8x.o(RESET) refers to motor.o(i.PWM0_IRQHandler) for PWM0_IRQHandler
    startup_lpc407x_8x_177x_8x.o(.text) refers to system_lpc407x_8x_177x_8x.o(i.SystemInit) for SystemInit
    startup_lpc407x_8x_177x_8x.o(.text) refers to entry.o(.ARM.Collect$$$$00000000) for __main
    system_lpc407x_8x_177x_8x.o(i.SystemCoreClockUpdate) refers to system_lpc407x_8x_177x_8x.o(.data) for SystemCoreClock
    system_lpc407x_8x_177x_8x.o(i.SystemInit) refers to system_lpc407x_8x_177x_8x.o(i.fpu_init) for fpu_init
    system_lpc407x_8x_177x_8x.o(i.SystemInit) refers to system_lpc407x_8x_177x_8x.o(i.SystemCoreClockUpdate) for SystemCoreClockUpdate
    system_lpc407x_8x_177x_8x.o(i.SystemInit) refers to system_lpc407x_8x_177x_8x.o(i.SystemInit_ExtMemCtl) for SystemInit_ExtMemCtl
    system_lpc407x_8x_177x_8x.o(i.SystemInit_ExtMemCtl) refers to system_lpc407x_8x_177x_8x.o(i._DelayMs) for _DelayMs
    system_lpc407x_8x_177x_8x.o(i._DelayMs) refers to system_lpc407x_8x_177x_8x.o(.data) for SystemCoreClock
    entry.o(.ARM.Collect$$$$00000000) refers (Special) to entry10a.o(.ARM.Collect$$$$0000000D) for __rt_final_cpp
    entry.o(.ARM.Collect$$$$00000000) refers (Special) to entry11a.o(.ARM.Collect$$$$0000000F) for __rt_final_exit
    entry.o(.ARM.Collect$$$$00000000) refers (Special) to entry7b.o(.ARM.Collect$$$$00000008) for _main_clock
    entry.o(.ARM.Collect$$$$00000000) refers (Special) to entry8b.o(.ARM.Collect$$$$0000000A) for _main_cpp_init
    entry.o(.ARM.Collect$$$$00000000) refers (Special) to entry9a.o(.ARM.Collect$$$$0000000B) for _main_init
    entry.o(.ARM.Collect$$$$00000000) refers (Special) to entry5.o(.ARM.Collect$$$$00000004) for _main_scatterload
    entry.o(.ARM.Collect$$$$00000000) refers (Special) to entry2.o(.ARM.Collect$$$$00000001) for _main_stk
    entry2.o(.ARM.Collect$$$$00000001) refers to entry2.o(.ARM.Collect$$$$00002712) for __lit__00000000
    entry2.o(.ARM.Collect$$$$00002712) refers to startup_lpc407x_8x_177x_8x.o(STACK) for __initial_sp
    entry2.o(__vectab_stack_and_reset_area) refers to startup_lpc407x_8x_177x_8x.o(STACK) for __initial_sp
    entry2.o(__vectab_stack_and_reset_area) refers to entry.o(.ARM.Collect$$$$00000000) for __main
    entry5.o(.ARM.Collect$$$$00000004) refers to init.o(.text) for __scatterload
    entry9a.o(.ARM.Collect$$$$0000000B) refers to main.o(i.main) for main
    entry9b.o(.ARM.Collect$$$$0000000C) refers to main.o(i.main) for main
    init.o(.text) refers to entry5.o(.ARM.Collect$$$$00000004) for __main_after_scatterload


==============================================================================

Removing Unused input sections from the image.

    Removing main.o(.rev16_text), (4 bytes).
    Removing main.o(.revsh_text), (4 bytes).
    Removing main.o(.rrx_text), (6 bytes).
    Removing main.o(.data), (28 bytes).
    Removing gpio.o(.rev16_text), (4 bytes).
    Removing gpio.o(.revsh_text), (4 bytes).
    Removing gpio.o(.rrx_text), (6 bytes).
    Removing gpio.o(i.GPIO_PIN_Read), (10 bytes).
    Removing gpio.o(i.GPIO_PIN_Write), (18 bytes).
    Removing motor.o(.rev16_text), (4 bytes).
    Removing motor.o(.revsh_text), (4 bytes).
    Removing motor.o(.rrx_text), (6 bytes).
    Removing joystick.o(.rev16_text), (4 bytes).
    Removing joystick.o(.revsh_text), (4 bytes).
    Removing joystick.o(.rrx_text), (6 bytes).
    Removing joystick.o(i.Joystick_Center_Pressed), (24 bytes).
    Removing joystick.o(i.Joystick_Down_Pressed), (24 bytes).
    Removing joystick.o(i.Joystick_Left_Pressed), (24 bytes).
    Removing joystick.o(i.Joystick_Right_Pressed), (24 bytes).
    Removing joystick.o(i.Joystick_Up_Pressed), (24 bytes).
    Removing signal.o(.rev16_text), (4 bytes).
    Removing signal.o(.revsh_text), (4 bytes).
    Removing signal.o(.rrx_text), (6 bytes).
    Removing timer.o(.rev16_text), (4 bytes).
    Removing timer.o(.revsh_text), (4 bytes).
    Removing timer.o(.rrx_text), (6 bytes).
    Removing ultrasonic.o(.rev16_text), (4 bytes).
    Removing ultrasonic.o(.revsh_text), (4 bytes).
    Removing ultrasonic.o(.rrx_text), (6 bytes).
    Removing ultrasonic.o(i.Ultrasonic_Capture_Timer_Init), (100 bytes).
    Removing ultrasonic.o(i.Ultrasonic_Init), (40 bytes).
    Removing ultrasonic.o(i.Ultrasonic_Start_Trigger_Timer), (56 bytes).
    Removing ultrasonic.o(i.Ultrasonic_Trigger_Timer_Init), (164 bytes).
    Removing ultrasonic.o(i.__NVIC_EnableIRQ), (26 bytes).
    Removing pwm.o(.rev16_text), (4 bytes).
    Removing pwm.o(.revsh_text), (4 bytes).
    Removing pwm.o(.rrx_text), (6 bytes).
    Removing led.o(.rev16_text), (4 bytes).
    Removing led.o(.revsh_text), (4 bytes).
    Removing led.o(.rrx_text), (6 bytes).
    Removing led.o(i.LED1_Off), (20 bytes).
    Removing led.o(i.LED1_On), (20 bytes).
    Removing led.o(i.LED2_Off), (20 bytes).
    Removing led.o(i.LED2_On), (20 bytes).
    Removing led.o(i.LED3_Off), (20 bytes).
    Removing led.o(i.LED3_On), (20 bytes).
    Removing led.o(i.LED4_Off), (20 bytes).
    Removing led.o(i.LED4_On), (20 bytes).
    Removing led.o(i.LED_OFF), (20 bytes).
    Removing led.o(i.LED_ON), (20 bytes).
    Removing command.o(.rev16_text), (4 bytes).
    Removing command.o(.revsh_text), (4 bytes).
    Removing command.o(.rrx_text), (6 bytes).
    Removing command.o(i.AUTONOMOUS), (12 bytes).
    Removing command.o(i.FINISH), (2 bytes).
    Removing command.o(i.TESTING), (12 bytes).
    Removing adc.o(.rev16_text), (4 bytes).
    Removing adc.o(.revsh_text), (4 bytes).
    Removing adc.o(.rrx_text), (6 bytes).
    Removing external.o(.rev16_text), (4 bytes).
    Removing external.o(.revsh_text), (4 bytes).
    Removing external.o(.rrx_text), (6 bytes).
    Removing serial.o(.rev16_text), (4 bytes).
    Removing serial.o(.revsh_text), (4 bytes).
    Removing serial.o(.rrx_text), (6 bytes).
    Removing hm10.o(.rev16_text), (4 bytes).
    Removing hm10.o(.revsh_text), (4 bytes).
    Removing hm10.o(.rrx_text), (6 bytes).
    Removing hm10.o(.data), (1 bytes).
    Removing startup_lpc407x_8x_177x_8x.o(HEAP), (0 bytes).
    Removing system_lpc407x_8x_177x_8x.o(.rev16_text), (4 bytes).
    Removing system_lpc407x_8x_177x_8x.o(.revsh_text), (4 bytes).
    Removing system_lpc407x_8x_177x_8x.o(.rrx_text), (6 bytes).

73 unused section(s) (total 999 bytes) removed from the image.

==============================================================================

Image Symbol Table

    Local Symbols

    Symbol Name                              Value     Ov Type        Size  Object(Section)

    RESET                                    0x00000000   Section      228  startup_lpc407x_8x_177x_8x.o(RESET)
    ../clib/microlib/init/entry.s            0x00000000   Number         0  entry11b.o ABSOLUTE
    ../clib/microlib/init/entry.s            0x00000000   Number         0  entry8a.o ABSOLUTE
    ../clib/microlib/init/entry.s            0x00000000   Number         0  entry10b.o ABSOLUTE
    ../clib/microlib/init/entry.s            0x00000000   Number         0  entry10a.o ABSOLUTE
    ../clib/microlib/init/entry.s            0x00000000   Number         0  entry2.o ABSOLUTE
    ../clib/microlib/init/entry.s            0x00000000   Number         0  entry9b.o ABSOLUTE
    ../clib/microlib/init/entry.s            0x00000000   Number         0  entry.o ABSOLUTE
    ../clib/microlib/init/entry.s            0x00000000   Number         0  entry5.o ABSOLUTE
    ../clib/microlib/init/entry.s            0x00000000   Number         0  entry9a.o ABSOLUTE
    ../clib/microlib/init/entry.s            0x00000000   Number         0  entry7a.o ABSOLUTE
    ../clib/microlib/init/entry.s            0x00000000   Number         0  entry8b.o ABSOLUTE
    ../clib/microlib/init/entry.s            0x00000000   Number         0  entry7b.o ABSOLUTE
    ../clib/microlib/init/entry.s            0x00000000   Number         0  entry11a.o ABSOLUTE
    ../clib/microlib/string/strcmp.c         0x00000000   Number         0  strcmp.o ABSOLUTE
    ADC.c                                    0x00000000   Number         0  adc.o ABSOLUTE
    ADC.c                                    0x00000000   Number         0  adc.o ABSOLUTE
    Command.c                                0x00000000   Number         0  command.o ABSOLUTE
    Command.c                                0x00000000   Number         0  command.o ABSOLUTE
    External.c                               0x00000000   Number         0  external.o ABSOLUTE
    External.c                               0x00000000   Number         0  external.o ABSOLUTE
    GPIO.c                                   0x00000000   Number         0  gpio.o ABSOLUTE
    GPIO.c                                   0x00000000   Number         0  gpio.o ABSOLUTE
    HM10.c                                   0x00000000   Number         0  hm10.o ABSOLUTE
    HM10.c                                   0x00000000   Number         0  hm10.o ABSOLUTE
    Joystick.c                               0x00000000   Number         0  joystick.o ABSOLUTE
    Joystick.c                               0x00000000   Number         0  joystick.o ABSOLUTE
    Led.c                                    0x00000000   Number         0  led.o ABSOLUTE
    Led.c                                    0x00000000   Number         0  led.o ABSOLUTE
    MOTOR.c                                  0x00000000   Number         0  motor.o ABSOLUTE
    MOTOR.c                                  0x00000000   Number         0  motor.o ABSOLUTE
    PWM.c                                    0x00000000   Number         0  pwm.o ABSOLUTE
    PWM.c                                    0x00000000   Number         0  pwm.o ABSOLUTE
    RTE\Device\LPC4088FET208\startup_LPC407x_8x_177x_8x.s 0x00000000   Number         0  startup_lpc407x_8x_177x_8x.o ABSOLUTE
    RTE\Device\LPC4088FET208\system_LPC407x_8x_177x_8x.c 0x00000000   Number         0  system_lpc407x_8x_177x_8x.o ABSOLUTE
    RTE\\Device\\LPC4088FET208\\system_LPC407x_8x_177x_8x.c 0x00000000   Number         0  system_lpc407x_8x_177x_8x.o ABSOLUTE
    Serial.c                                 0x00000000   Number         0  serial.o ABSOLUTE
    Serial.c                                 0x00000000   Number         0  serial.o ABSOLUTE
    Signal.c                                 0x00000000   Number         0  signal.o ABSOLUTE
    Signal.c                                 0x00000000   Number         0  signal.o ABSOLUTE
    TIMER.c                                  0x00000000   Number         0  timer.o ABSOLUTE
    TIMER.c                                  0x00000000   Number         0  timer.o ABSOLUTE
    Ultrasonic.c                             0x00000000   Number         0  ultrasonic.o ABSOLUTE
    Ultrasonic.c                             0x00000000   Number         0  ultrasonic.o ABSOLUTE
    dc.s                                     0x00000000   Number         0  dc.o ABSOLUTE
    handlers.s                               0x00000000   Number         0  handlers.o ABSOLUTE
    init.s                                   0x00000000   Number         0  init.o ABSOLUTE
    main.c                                   0x00000000   Number         0  main.o ABSOLUTE
    main.c                                   0x00000000   Number         0  main.o ABSOLUTE
    .ARM.Collect$$$$00000000                 0x000000e4   Section        0  entry.o(.ARM.Collect$$$$00000000)
    .ARM.Collect$$$$00000001                 0x000000e4   Section        4  entry2.o(.ARM.Collect$$$$00000001)
    .ARM.Collect$$$$00000004                 0x000000e8   Section        4  entry5.o(.ARM.Collect$$$$00000004)
    .ARM.Collect$$$$00000008                 0x000000ec   Section        0  entry7b.o(.ARM.Collect$$$$00000008)
    .ARM.Collect$$$$0000000A                 0x000000ec   Section        0  entry8b.o(.ARM.Collect$$$$0000000A)
    .ARM.Collect$$$$0000000B                 0x000000ec   Section        8  entry9a.o(.ARM.Collect$$$$0000000B)
    .ARM.Collect$$$$0000000D                 0x000000f4   Section        0  entry10a.o(.ARM.Collect$$$$0000000D)
    .ARM.Collect$$$$0000000F                 0x000000f4   Section        0  entry11a.o(.ARM.Collect$$$$0000000F)
    .ARM.Collect$$$$00002712                 0x000000f4   Section        4  entry2.o(.ARM.Collect$$$$00002712)
    __lit__00000000                          0x000000f4   Data           4  entry2.o(.ARM.Collect$$$$00002712)
    .text                                    0x000000f8   Section       36  startup_lpc407x_8x_177x_8x.o(.text)
    $v0                                      0x000000f8   Number         0  startup_lpc407x_8x_177x_8x.o(.text)
    .text                                    0x0000011c   Section        0  strcmp.o(.text)
    .text                                    0x00000138   Section       36  init.o(.text)
    i.ADC_IRQHandler                         0x0000015c   Section        0  adc.o(i.ADC_IRQHandler)
    i.ADC_Init                               0x000001a0   Section        0  adc.o(i.ADC_Init)
    i.ADC_Start                              0x0000028c   Section        0  adc.o(i.ADC_Start)
    i.Clear_serialBuffer                     0x000002a8   Section        0  serial.o(i.Clear_serialBuffer)
    i.GPIO_DIR_Write                         0x000002c4   Section        0  gpio.o(i.GPIO_DIR_Write)
    i.LED1_Init                              0x000002d8   Section        0  led.o(i.LED1_Init)
    i.__scatterload_copy                     0x000002ec   Section       14  handlers.o(i.__scatterload_copy)
    i.__scatterload_null                     0x000002fa   Section        2  handlers.o(i.__scatterload_null)
    .ARM.__at_0x02FC                         0x000002fc   Section        4  startup_lpc407x_8x_177x_8x.o(.ARM.__at_0x02FC)
    i.BACK                                   0x00000300   Section        0  command.o(i.BACK)
    i.EINT0_IRQHandler                       0x00000364   Section        0  external.o(i.EINT0_IRQHandler)
    i.External_Init                          0x000003c8   Section        0  external.o(i.External_Init)
    i.FORWARD                                0x00000448   Section        0  command.o(i.FORWARD)
    i.Finish_Signal                          0x000004ac   Section        0  signal.o(i.Finish_Signal)
    i.HM10_Init                              0x00000528   Section        0  hm10.o(i.HM10_Init)
    i.Joystick_Init                          0x0000059c   Section        0  joystick.o(i.Joystick_Init)
    i.LED2_Init                              0x00000624   Section        0  led.o(i.LED2_Init)
    i.LED3_Init                              0x00000638   Section        0  led.o(i.LED3_Init)
    i.LED4_Init                              0x0000064c   Section        0  led.o(i.LED4_Init)
    i.LED_Init                               0x00000660   Section        0  led.o(i.LED_Init)
    i.LEFT                                   0x00000674   Section        0  command.o(i.LEFT)
    i.MOTOR_Init                             0x00000708   Section        0  motor.o(i.MOTOR_Init)
    i.PWM0_IRQHandler                        0x000007cc   Section        0  motor.o(i.PWM0_IRQHandler)
    i.RIGHT                                  0x0000085c   Section        0  command.o(i.RIGHT)
    i.SET_MOTOR_POWER                        0x000008f0   Section        0  motor.o(i.SET_MOTOR_POWER)
    i.STOP                                   0x0000092c   Section        0  command.o(i.STOP)
    i.Serial_Init                            0x00000954   Section        0  serial.o(i.Serial_Init)
    i.Serial_WriteData                       0x00000a58   Section        0  serial.o(i.Serial_WriteData)
    i.Signal_Init                            0x00000a6c   Section        0  signal.o(i.Signal_Init)
    i.Start_Signal                           0x00000b30   Section        0  signal.o(i.Start_Signal)
    i.SystemCoreClockUpdate                  0x00000bd4   Section        0  system_lpc407x_8x_177x_8x.o(i.SystemCoreClockUpdate)
    i.SystemInit                             0x00000ea8   Section        0  system_lpc407x_8x_177x_8x.o(i.SystemInit)
    i.SystemInit_ExtMemCtl                   0x00000f98   Section        0  system_lpc407x_8x_177x_8x.o(i.SystemInit_ExtMemCtl)
    i.TIMER1_IRQHandler                      0x00001190   Section        0  signal.o(i.TIMER1_IRQHandler)
    i.TIMER2_IRQHandler                      0x000011fc   Section        0  ultrasonic.o(i.TIMER2_IRQHandler)
    i.TIMER3_IRQHandler                      0x00001248   Section        0  ultrasonic.o(i.TIMER3_IRQHandler)
    i.TIMER_Init                             0x000012a8   Section        0  timer.o(i.TIMER_Init)
    i.UART0_IRQHandler                       0x00001318   Section        0  serial.o(i.UART0_IRQHandler)
    i._DelayMs                               0x00001394   Section        0  system_lpc407x_8x_177x_8x.o(i._DelayMs)
    _DelayMs                                 0x00001395   Thumb Code    38  system_lpc407x_8x_177x_8x.o(i._DelayMs)
    i.__NVIC_ClearPendingIRQ                 0x000013c0   Section        0  command.o(i.__NVIC_ClearPendingIRQ)
    __NVIC_ClearPendingIRQ                   0x000013c1   Thumb Code    22  command.o(i.__NVIC_ClearPendingIRQ)
    i.__NVIC_EnableIRQ                       0x000013dc   Section        0  command.o(i.__NVIC_EnableIRQ)
    __NVIC_EnableIRQ                         0x000013dd   Thumb Code    26  command.o(i.__NVIC_EnableIRQ)
    i.__scatterload_zeroinit                 0x000013f6   Section       14  handlers.o(i.__scatterload_zeroinit)
    i.fpu_init                               0x00001404   Section        0  system_lpc407x_8x_177x_8x.o(i.fpu_init)
    i.init                                   0x00001454   Section        0  main.o(i.init)
    i.main                                   0x00001480   Section        0  main.o(i.main)
    i.update                                 0x0000148c   Section        0  main.o(i.update)
    .data                                    0x10000000   Section       12  motor.o(.data)
    MOTOR_POWER_IN_PERCENT                   0x10000000   Data           4  motor.o(.data)
    DEGREE_OF_TURN                           0x10000004   Data           4  motor.o(.data)
    NUMBER_OF_TURN                           0x10000008   Data           4  motor.o(.data)
    .data                                    0x1000000c   Section       16  signal.o(.data)
    milisecond_counter                       0x10000018   Data           4  signal.o(.data)
    .data                                    0x1000001c   Section       31  ultrasonic.o(.data)
    MOTOR_POWER_IN_PERCENT                   0x1000001c   Data           4  ultrasonic.o(.data)
    DEGREE_OF_TURN                           0x10000020   Data           4  ultrasonic.o(.data)
    NUMBER_OF_TURN                           0x10000024   Data           4  ultrasonic.o(.data)
    MODE                                     0x10000028   Data           4  ultrasonic.o(.data)
    .data                                    0x1000003c   Section       16  command.o(.data)
    MOTOR_POWER_IN_PERCENT                   0x1000003c   Data           4  command.o(.data)
    DEGREE_OF_TURN                           0x10000040   Data           4  command.o(.data)
    NUMBER_OF_TURN                           0x10000044   Data           4  command.o(.data)
    MODE                                     0x10000048   Data           4  command.o(.data)
    .data                                    0x1000004c   Section       12  adc.o(.data)
    .data                                    0x10000058   Section       24  external.o(.data)
    NUMBER_OF_MOTOR_TURN                     0x10000058   Data           4  external.o(.data)
    TURN_MICROSECOND                         0x1000005c   Data           4  external.o(.data)
    START_TC                                 0x10000060   Data           4  external.o(.data)
    MOTOR_POWER_IN_PERCENT                   0x10000064   Data           4  external.o(.data)
    DEGREE_OF_TURN                           0x10000068   Data           4  external.o(.data)
    NUMBER_OF_TURN                           0x1000006c   Data           4  external.o(.data)
    .data                                    0x10000070   Section       13  serial.o(.data)
    .data                                    0x10000080   Section       16  system_lpc407x_8x_177x_8x.o(.data)
    .bss                                     0x10000090   Section       10  serial.o(.bss)
    STACK                                    0x100000a0   Section     1024  startup_lpc407x_8x_177x_8x.o(STACK)

    Global Symbols

    Symbol Name                              Value     Ov Type        Size  Object(Section)

    BuildAttributes$$THM_ISAv4$E$P$D$K$B$S$7EM$VFPi3$EXTD16$VFPS$VFMA$PE$A:L22UL41UL21$X:L11$S22US41US21$IEEE1$IW$USESV6$~STKCKD$USESV7$~SHL$OSPACE$EBA8$MICROLIB$REQ8$PRES8$EABIv2 0x00000000   Number         0  anon$$obj.o ABSOLUTE
    __ARM_use_no_argv                        0x00000000   Number         0  main.o ABSOLUTE
    __Vectors                                0x00000000   Data           4  startup_lpc407x_8x_177x_8x.o(RESET)
    __cpp_initialize__aeabi_                  - Undefined Weak Reference
    __cxa_finalize                            - Undefined Weak Reference
    __decompress                              - Undefined Weak Reference
    _clock_init                               - Undefined Weak Reference
    _microlib_exit                            - Undefined Weak Reference
    __main                                   0x000000e5   Thumb Code     0  entry.o(.ARM.Collect$$$$00000000)
    _main_stk                                0x000000e5   Thumb Code     0  entry2.o(.ARM.Collect$$$$00000001)
    _main_scatterload                        0x000000e9   Thumb Code     0  entry5.o(.ARM.Collect$$$$00000004)
    __main_after_scatterload                 0x000000ed   Thumb Code     0  entry5.o(.ARM.Collect$$$$00000004)
    _main_clock                              0x000000ed   Thumb Code     0  entry7b.o(.ARM.Collect$$$$00000008)
    _main_cpp_init                           0x000000ed   Thumb Code     0  entry8b.o(.ARM.Collect$$$$0000000A)
    _main_init                               0x000000ed   Thumb Code     0  entry9a.o(.ARM.Collect$$$$0000000B)
    __rt_final_cpp                           0x000000f5   Thumb Code     0  entry10a.o(.ARM.Collect$$$$0000000D)
    __rt_final_exit                          0x000000f5   Thumb Code     0  entry11a.o(.ARM.Collect$$$$0000000F)
    Reset_Handler                            0x000000f9   Thumb Code     8  startup_lpc407x_8x_177x_8x.o(.text)
    NMI_Handler                              0x00000101   Thumb Code     2  startup_lpc407x_8x_177x_8x.o(.text)
    HardFault_Handler                        0x00000103   Thumb Code     2  startup_lpc407x_8x_177x_8x.o(.text)
    MemManage_Handler                        0x00000105   Thumb Code     2  startup_lpc407x_8x_177x_8x.o(.text)
    BusFault_Handler                         0x00000107   Thumb Code     2  startup_lpc407x_8x_177x_8x.o(.text)
    UsageFault_Handler                       0x00000109   Thumb Code     2  startup_lpc407x_8x_177x_8x.o(.text)
    SVC_Handler                              0x0000010b   Thumb Code     2  startup_lpc407x_8x_177x_8x.o(.text)
    DebugMon_Handler                         0x0000010d   Thumb Code     2  startup_lpc407x_8x_177x_8x.o(.text)
    PendSV_Handler                           0x0000010f   Thumb Code     2  startup_lpc407x_8x_177x_8x.o(.text)
    SysTick_Handler                          0x00000111   Thumb Code     2  startup_lpc407x_8x_177x_8x.o(.text)
    BOD_IRQHandler                           0x00000113   Thumb Code     0  startup_lpc407x_8x_177x_8x.o(.text)
    CANActivity_IRQHandler                   0x00000113   Thumb Code     0  startup_lpc407x_8x_177x_8x.o(.text)
    CAN_IRQHandler                           0x00000113   Thumb Code     0  startup_lpc407x_8x_177x_8x.o(.text)
    DMA_IRQHandler                           0x00000113   Thumb Code     0  startup_lpc407x_8x_177x_8x.o(.text)
    EEPROM_IRQHandler                        0x00000113   Thumb Code     0  startup_lpc407x_8x_177x_8x.o(.text)
    EINT1_IRQHandler                         0x00000113   Thumb Code     0  startup_lpc407x_8x_177x_8x.o(.text)
    EINT2_IRQHandler                         0x00000113   Thumb Code     0  startup_lpc407x_8x_177x_8x.o(.text)
    EINT3_IRQHandler                         0x00000113   Thumb Code     0  startup_lpc407x_8x_177x_8x.o(.text)
    ENET_IRQHandler                          0x00000113   Thumb Code     0  startup_lpc407x_8x_177x_8x.o(.text)
    GPIO_IRQHandler                          0x00000113   Thumb Code     0  startup_lpc407x_8x_177x_8x.o(.text)
    I2C0_IRQHandler                          0x00000113   Thumb Code     0  startup_lpc407x_8x_177x_8x.o(.text)
    I2C1_IRQHandler                          0x00000113   Thumb Code     0  startup_lpc407x_8x_177x_8x.o(.text)
    I2C2_IRQHandler                          0x00000113   Thumb Code     0  startup_lpc407x_8x_177x_8x.o(.text)
    I2S_IRQHandler                           0x00000113   Thumb Code     0  startup_lpc407x_8x_177x_8x.o(.text)
    LCD_IRQHandler                           0x00000113   Thumb Code     0  startup_lpc407x_8x_177x_8x.o(.text)
    MCI_IRQHandler                           0x00000113   Thumb Code     0  startup_lpc407x_8x_177x_8x.o(.text)
    MCPWM_IRQHandler                         0x00000113   Thumb Code     0  startup_lpc407x_8x_177x_8x.o(.text)
    PLL0_IRQHandler                          0x00000113   Thumb Code     0  startup_lpc407x_8x_177x_8x.o(.text)
    PLL1_IRQHandler                          0x00000113   Thumb Code     0  startup_lpc407x_8x_177x_8x.o(.text)
    PWM1_IRQHandler                          0x00000113   Thumb Code     0  startup_lpc407x_8x_177x_8x.o(.text)
    QEI_IRQHandler                           0x00000113   Thumb Code     0  startup_lpc407x_8x_177x_8x.o(.text)
    RTC_IRQHandler                           0x00000113   Thumb Code     0  startup_lpc407x_8x_177x_8x.o(.text)
    SSP0_IRQHandler                          0x00000113   Thumb Code     0  startup_lpc407x_8x_177x_8x.o(.text)
    SSP1_IRQHandler                          0x00000113   Thumb Code     0  startup_lpc407x_8x_177x_8x.o(.text)
    SSP2_IRQHandler                          0x00000113   Thumb Code     0  startup_lpc407x_8x_177x_8x.o(.text)
    TIMER0_IRQHandler                        0x00000113   Thumb Code     0  startup_lpc407x_8x_177x_8x.o(.text)
    UART1_IRQHandler                         0x00000113   Thumb Code     0  startup_lpc407x_8x_177x_8x.o(.text)
    UART2_IRQHandler                         0x00000113   Thumb Code     0  startup_lpc407x_8x_177x_8x.o(.text)
    UART3_IRQHandler                         0x00000113   Thumb Code     0  startup_lpc407x_8x_177x_8x.o(.text)
    UART4_IRQHandler                         0x00000113   Thumb Code     0  startup_lpc407x_8x_177x_8x.o(.text)
    USBActivity_IRQHandler                   0x00000113   Thumb Code     0  startup_lpc407x_8x_177x_8x.o(.text)
    USB_IRQHandler                           0x00000113   Thumb Code     0  startup_lpc407x_8x_177x_8x.o(.text)
    WDT_IRQHandler                           0x00000113   Thumb Code     0  startup_lpc407x_8x_177x_8x.o(.text)
    strcmp                                   0x0000011d   Thumb Code    28  strcmp.o(.text)
    __scatterload                            0x00000139   Thumb Code    28  init.o(.text)
    __scatterload_rt2                        0x00000139   Thumb Code     0  init.o(.text)
    ADC_IRQHandler                           0x0000015d   Thumb Code    50  adc.o(i.ADC_IRQHandler)
    ADC_Init                                 0x000001a1   Thumb Code   220  adc.o(i.ADC_Init)
    ADC_Start                                0x0000028d   Thumb Code    24  adc.o(i.ADC_Start)
    Clear_serialBuffer                       0x000002a9   Thumb Code    16  serial.o(i.Clear_serialBuffer)
    GPIO_DIR_Write                           0x000002c5   Thumb Code    18  gpio.o(i.GPIO_DIR_Write)
    LED1_Init                                0x000002d9   Thumb Code    14  led.o(i.LED1_Init)
    __scatterload_copy                       0x000002ed   Thumb Code    14  handlers.o(i.__scatterload_copy)
    __scatterload_null                       0x000002fb   Thumb Code     2  handlers.o(i.__scatterload_null)
    BACK                                     0x00000301   Thumb Code    90  command.o(i.BACK)
    EINT0_IRQHandler                         0x00000365   Thumb Code    74  external.o(i.EINT0_IRQHandler)
    External_Init                            0x000003c9   Thumb Code   112  external.o(i.External_Init)
    FORWARD                                  0x00000449   Thumb Code    90  command.o(i.FORWARD)
    Finish_Signal                            0x000004ad   Thumb Code   104  signal.o(i.Finish_Signal)
    HM10_Init                                0x00000529   Thumb Code    76  hm10.o(i.HM10_Init)
    Joystick_Init                            0x0000059d   Thumb Code   124  joystick.o(i.Joystick_Init)
    LED2_Init                                0x00000625   Thumb Code    14  led.o(i.LED2_Init)
    LED3_Init                                0x00000639   Thumb Code    14  led.o(i.LED3_Init)
    LED4_Init                                0x0000064d   Thumb Code    14  led.o(i.LED4_Init)
    LED_Init                                 0x00000661   Thumb Code    20  led.o(i.LED_Init)
    LEFT                                     0x00000675   Thumb Code   130  command.o(i.LEFT)
    MOTOR_Init                               0x00000709   Thumb Code   176  motor.o(i.MOTOR_Init)
    PWM0_IRQHandler                          0x000007cd   Thumb Code   128  motor.o(i.PWM0_IRQHandler)
    RIGHT                                    0x0000085d   Thumb Code   130  command.o(i.RIGHT)
    SET_MOTOR_POWER                          0x000008f1   Thumb Code    56  motor.o(i.SET_MOTOR_POWER)
    STOP                                     0x0000092d   Thumb Code    34  command.o(i.STOP)
    Serial_Init                              0x00000955   Thumb Code   240  serial.o(i.Serial_Init)
    Serial_WriteData                         0x00000a59   Thumb Code    12  serial.o(i.Serial_WriteData)
    Signal_Init                              0x00000a6d   Thumb Code   178  signal.o(i.Signal_Init)
    Start_Signal                             0x00000b31   Thumb Code   144  signal.o(i.Start_Signal)
    SystemCoreClockUpdate                    0x00000bd5   Thumb Code   696  system_lpc407x_8x_177x_8x.o(i.SystemCoreClockUpdate)
    SystemInit                               0x00000ea9   Thumb Code   224  system_lpc407x_8x_177x_8x.o(i.SystemInit)
    SystemInit_ExtMemCtl                     0x00000f99   Thumb Code   468  system_lpc407x_8x_177x_8x.o(i.SystemInit_ExtMemCtl)
    TIMER1_IRQHandler                        0x00001191   Thumb Code    88  signal.o(i.TIMER1_IRQHandler)
    TIMER2_IRQHandler                        0x000011fd   Thumb Code    68  ultrasonic.o(i.TIMER2_IRQHandler)
    TIMER3_IRQHandler                        0x00001249   Thumb Code    74  ultrasonic.o(i.TIMER3_IRQHandler)
    TIMER_Init                               0x000012a9   Thumb Code    98  timer.o(i.TIMER_Init)
    UART0_IRQHandler                         0x00001319   Thumb Code   100  serial.o(i.UART0_IRQHandler)
    __scatterload_zeroinit                   0x000013f7   Thumb Code    14  handlers.o(i.__scatterload_zeroinit)
    fpu_init                                 0x00001405   Thumb Code    62  system_lpc407x_8x_177x_8x.o(i.fpu_init)
    init                                     0x00001455   Thumb Code    44  main.o(i.init)
    main                                     0x00001481   Thumb Code    12  main.o(i.main)
    update                                   0x0000148d   Thumb Code   108  main.o(i.update)
    Region$$Table$$Base                      0x0000152c   Number         0  anon$$obj.o(Region$$Table)
    Region$$Table$$Limit                     0x0000154c   Number         0  anon$$obj.o(Region$$Table)
    TURN_ON                                  0x1000000c   Data           1  signal.o(.data)
    TURNING_MASK                             0x10000010   Data           4  signal.o(.data)
    TURNING_PORT                             0x10000014   Data           4  signal.o(.data)
    ultrasonicSensorRisingCaptureTime        0x1000002c   Data           4  ultrasonic.o(.data)
    ultrasonicSensorFallingCaptureTime       0x10000030   Data           4  ultrasonic.o(.data)
    ultrasonicSensorDistance                 0x10000034   Data           4  ultrasonic.o(.data)
    ultrasonicSensorTriggerStart             0x10000038   Data           1  ultrasonic.o(.data)
    ultrasonicSensorCaptureRisingEdge        0x10000039   Data           1  ultrasonic.o(.data)
    ultrasonicAvailable                      0x1000003a   Data           1  ultrasonic.o(.data)
    LDR1_Last                                0x1000004c   Data           4  adc.o(.data)
    LDR2_Last                                0x10000050   Data           4  adc.o(.data)
    Potentiometer_Last                       0x10000054   Data           4  adc.o(.data)
    serialNewDataAvailable                   0x10000070   Data           1  serial.o(.data)
    serialReceiverCurrentIndex               0x10000074   Data           4  serial.o(.data)
    serialTransmitData                       0x10000078   Data           4  serial.o(.data)
    serialTransmitCompleted                  0x1000007c   Data           1  serial.o(.data)
    SystemCoreClock                          0x10000080   Data           4  system_lpc407x_8x_177x_8x.o(.data)
    PeripheralClock                          0x10000084   Data           4  system_lpc407x_8x_177x_8x.o(.data)
    EMCClock                                 0x10000088   Data           4  system_lpc407x_8x_177x_8x.o(.data)
    USBClock                                 0x1000008c   Data           4  system_lpc407x_8x_177x_8x.o(.data)
    serialBuffer                             0x10000090   Data          10  serial.o(.bss)
    __initial_sp                             0x100004a0   Data           0  startup_lpc407x_8x_177x_8x.o(STACK)



==============================================================================

Memory Map of the image

  Image Entry point : 0x000000f9

  Load Region LR_1 (Base: 0x00000000, Size: 0x000015dc, Max: 0xffffffff, ABSOLUTE)

    Execution Region ER_RO (Exec base: 0x00000000, Load base: 0x00000000, Size: 0x0000154c, Max: 0xffffffff, ABSOLUTE)

    Exec Addr    Load Addr    Size         Type   Attr      Idx    E Section Name        Object

    0x00000000   0x00000000   0x000000e4   Data   RO          782    RESET               startup_lpc407x_8x_177x_8x.o
    0x000000e4   0x000000e4   0x00000000   Code   RO          843  * .ARM.Collect$$$$00000000  mc_w.l(entry.o)
    0x000000e4   0x000000e4   0x00000004   Code   RO          848    .ARM.Collect$$$$00000001  mc_w.l(entry2.o)
    0x000000e8   0x000000e8   0x00000004   Code   RO          851    .ARM.Collect$$$$00000004  mc_w.l(entry5.o)
    0x000000ec   0x000000ec   0x00000000   Code   RO          853    .ARM.Collect$$$$00000008  mc_w.l(entry7b.o)
    0x000000ec   0x000000ec   0x00000000   Code   RO          855    .ARM.Collect$$$$0000000A  mc_w.l(entry8b.o)
    0x000000ec   0x000000ec   0x00000008   Code   RO          856    .ARM.Collect$$$$0000000B  mc_w.l(entry9a.o)
    0x000000f4   0x000000f4   0x00000000   Code   RO          858    .ARM.Collect$$$$0000000D  mc_w.l(entry10a.o)
    0x000000f4   0x000000f4   0x00000000   Code   RO          860    .ARM.Collect$$$$0000000F  mc_w.l(entry11a.o)
    0x000000f4   0x000000f4   0x00000004   Code   RO          849    .ARM.Collect$$$$00002712  mc_w.l(entry2.o)
    0x000000f8   0x000000f8   0x00000024   Code   RO          784  * .text               startup_lpc407x_8x_177x_8x.o
    0x0000011c   0x0000011c   0x0000001c   Code   RO          846    .text               mc_w.l(strcmp.o)
    0x00000138   0x00000138   0x00000024   Code   RO          862    .text               mc_w.l(init.o)
    0x0000015c   0x0000015c   0x00000044   Code   RO          618    i.ADC_IRQHandler    adc.o
    0x000001a0   0x000001a0   0x000000ec   Code   RO          619    i.ADC_Init          adc.o
    0x0000028c   0x0000028c   0x0000001c   Code   RO          620    i.ADC_Start         adc.o
    0x000002a8   0x000002a8   0x0000001c   Code   RO          692    i.Clear_serialBuffer  serial.o
    0x000002c4   0x000002c4   0x00000012   Code   RO          124    i.GPIO_DIR_Write    gpio.o
    0x000002d6   0x000002d6   0x00000002   PAD
    0x000002d8   0x000002d8   0x00000014   Code   RO          425    i.LED1_Init         led.o
    0x000002ec   0x000002ec   0x0000000e   Code   RO          866    i.__scatterload_copy  mc_w.l(handlers.o)
    0x000002fa   0x000002fa   0x00000002   Code   RO          867    i.__scatterload_null  mc_w.l(handlers.o)
    0x000002fc   0x000002fc   0x00000004   Code   RO          783    .ARM.__at_0x02FC    startup_lpc407x_8x_177x_8x.o
    0x00000300   0x00000300   0x00000064   Code   RO          537    i.BACK              command.o
    0x00000364   0x00000364   0x00000064   Code   RO          660    i.EINT0_IRQHandler  external.o
    0x000003c8   0x000003c8   0x00000080   Code   RO          661    i.External_Init     external.o
    0x00000448   0x00000448   0x00000064   Code   RO          539    i.FORWARD           command.o
    0x000004ac   0x000004ac   0x0000007c   Code   RO          259    i.Finish_Signal     signal.o
    0x00000528   0x00000528   0x00000074   Code   RO          749    i.HM10_Init         hm10.o
    0x0000059c   0x0000059c   0x00000088   Code   RO          207    i.Joystick_Init     joystick.o
    0x00000624   0x00000624   0x00000014   Code   RO          428    i.LED2_Init         led.o
    0x00000638   0x00000638   0x00000014   Code   RO          431    i.LED3_Init         led.o
    0x0000064c   0x0000064c   0x00000014   Code   RO          434    i.LED4_Init         led.o
    0x00000660   0x00000660   0x00000014   Code   RO          437    i.LED_Init          led.o
    0x00000674   0x00000674   0x00000094   Code   RO          540    i.LEFT              command.o
    0x00000708   0x00000708   0x000000c4   Code   RO          160    i.MOTOR_Init        motor.o
    0x000007cc   0x000007cc   0x00000090   Code   RO          161    i.PWM0_IRQHandler   motor.o
    0x0000085c   0x0000085c   0x00000094   Code   RO          541    i.RIGHT             command.o
    0x000008f0   0x000008f0   0x0000003c   Code   RO          162    i.SET_MOTOR_POWER   motor.o
    0x0000092c   0x0000092c   0x00000028   Code   RO          542    i.STOP              command.o
    0x00000954   0x00000954   0x00000104   Code   RO          693    i.Serial_Init       serial.o
    0x00000a58   0x00000a58   0x00000014   Code   RO          694    i.Serial_WriteData  serial.o
    0x00000a6c   0x00000a6c   0x000000c4   Code   RO          260    i.Signal_Init       signal.o
    0x00000b30   0x00000b30   0x000000a4   Code   RO          261    i.Start_Signal      signal.o
    0x00000bd4   0x00000bd4   0x000002d4   Code   RO          793    i.SystemCoreClockUpdate  system_lpc407x_8x_177x_8x.o
    0x00000ea8   0x00000ea8   0x000000f0   Code   RO          794    i.SystemInit        system_lpc407x_8x_177x_8x.o
    0x00000f98   0x00000f98   0x000001f8   Code   RO          795    i.SystemInit_ExtMemCtl  system_lpc407x_8x_177x_8x.o
    0x00001190   0x00001190   0x0000006c   Code   RO          262    i.TIMER1_IRQHandler  signal.o
    0x000011fc   0x000011fc   0x0000004c   Code   RO          335    i.TIMER2_IRQHandler  ultrasonic.o
    0x00001248   0x00001248   0x00000060   Code   RO          336    i.TIMER3_IRQHandler  ultrasonic.o
    0x000012a8   0x000012a8   0x00000070   Code   RO          308    i.TIMER_Init        timer.o
    0x00001318   0x00001318   0x0000007c   Code   RO          695    i.UART0_IRQHandler  serial.o
    0x00001394   0x00001394   0x0000002c   Code   RO          796    i._DelayMs          system_lpc407x_8x_177x_8x.o
    0x000013c0   0x000013c0   0x0000001c   Code   RO          544    i.__NVIC_ClearPendingIRQ  command.o
    0x000013dc   0x000013dc   0x0000001a   Code   RO          545    i.__NVIC_EnableIRQ  command.o
    0x000013f6   0x000013f6   0x0000000e   Code   RO          868    i.__scatterload_zeroinit  mc_w.l(handlers.o)
    0x00001404   0x00001404   0x00000050   Code   RO          797    i.fpu_init          system_lpc407x_8x_177x_8x.o
    0x00001454   0x00001454   0x0000002c   Code   RO            4    i.init              main.o
    0x00001480   0x00001480   0x0000000c   Code   RO            5    i.main              main.o
    0x0000148c   0x0000148c   0x000000a0   Code   RO            6    i.update            main.o
    0x0000152c   0x0000152c   0x00000020   Data   RO          864    Region$$Table       anon$$obj.o


    Execution Region ER_RW (Exec base: 0x10000000, Load base: 0x0000154c, Size: 0x00000090, Max: 0xffffffff, ABSOLUTE)

    Exec Addr    Load Addr    Size         Type   Attr      Idx    E Section Name        Object

    0x10000000   0x0000154c   0x0000000c   Data   RW          163    .data               motor.o
    0x1000000c   0x00001558   0x00000010   Data   RW          263    .data               signal.o
    0x1000001c   0x00001568   0x0000001f   Data   RW          342    .data               ultrasonic.o
    0x1000003b   0x00001587   0x00000001   PAD
    0x1000003c   0x00001588   0x00000010   Data   RW          546    .data               command.o
    0x1000004c   0x00001598   0x0000000c   Data   RW          621    .data               adc.o
    0x10000058   0x000015a4   0x00000018   Data   RW          662    .data               external.o
    0x10000070   0x000015bc   0x0000000d   Data   RW          697    .data               serial.o
    0x1000007d   0x000015c9   0x00000003   PAD
    0x10000080   0x000015cc   0x00000010   Data   RW          798    .data               system_lpc407x_8x_177x_8x.o


    Execution Region ER_ZI (Exec base: 0x10000090, Load base: 0x000015dc, Size: 0x00000410, Max: 0xffffffff, ABSOLUTE)

    Exec Addr    Load Addr    Size         Type   Attr      Idx    E Section Name        Object

    0x10000090        -       0x0000000a   Zero   RW          696    .bss                serial.o
    0x1000009a   0x000015dc   0x00000006   PAD
    0x100000a0        -       0x00000400   Zero   RW          780    STACK               startup_lpc407x_8x_177x_8x.o


==============================================================================

Image component sizes


      Code (inc. data)   RO Data    RW Data    ZI Data      Debug   Object Name

       332         38          0         12          0       1845   adc.o
       590         68          0         16          0      33742   command.o
       228         42          0         24          0       1467   external.o
        18          0          0          0          0        881   gpio.o
       116         40          0          0          0        456   hm10.o
       136         12          0          0          0        488   joystick.o
       100         24          0          0          0       2203   led.o
       216         52          0          0          0      29267   main.o
       400         40          0         12          0      32012   motor.o
       432         64          0         13         10      33176   serial.o
       592         78          0         16          0      33360   signal.o
        40         12        228          0       1024       1104   startup_lpc407x_8x_177x_8x.o
      1592        104          0         16          0       8839   system_lpc407x_8x_177x_8x.o
       112         14          0          0          0        453   timer.o
       172         30          0         31          0       1675   ultrasonic.o

    ----------------------------------------------------------------------
      5078        618        260        144       1040     180968   Object Totals
         0          0         32          0          0          0   (incl. Generated)
         2          0          0          4          6          0   (incl. Padding)

    ----------------------------------------------------------------------

      Code (inc. data)   RO Data    RW Data    ZI Data      Debug   Library Member Name

         0          0          0          0          0          0   entry.o
         0          0          0          0          0          0   entry10a.o
         0          0          0          0          0          0   entry11a.o
         8          4          0          0          0          0   entry2.o
         4          0          0          0          0          0   entry5.o
         0          0          0          0          0          0   entry7b.o
         0          0          0          0          0          0   entry8b.o
         8          4          0          0          0          0   entry9a.o
        30          0          0          0          0          0   handlers.o
        36          8          0          0          0         68   init.o
        28          0          0          0          0         76   strcmp.o

    ----------------------------------------------------------------------
       114         16          0          0          0        144   Library Totals
         0          0          0          0          0          0   (incl. Padding)

    ----------------------------------------------------------------------

      Code (inc. data)   RO Data    RW Data    ZI Data      Debug   Library Name

       114         16          0          0          0        144   mc_w.l

    ----------------------------------------------------------------------
       114         16          0          0          0        144   Library Totals

    ----------------------------------------------------------------------

==============================================================================


      Code (inc. data)   RO Data    RW Data    ZI Data      Debug   

      5192        634        260        144       1040     177516   Grand Totals
      5192        634        260        144       1040     177516   ELF Image Totals
      5192        634        260        144          0          0   ROM Totals

==============================================================================

    Total RO  Size (Code + RO Data)                 5452 (   5.32kB)
    Total RW  Size (RW Data + ZI Data)              1184 (   1.16kB)
    Total ROM Size (Code + RO Data + RW Data)       5596 (   5.46kB)

==============================================================================

