Component: ARM Compiler 5.06 update 6 (build 750) Tool: armlink [4d35ed]

==============================================================================

Section Cross References

    main.o(i.init) refers to joystick.o(i.Joystick_Init) for Joystick_Init
    main.o(i.init) refers to motor.o(i.MOTOR_Init) for MOTOR_Init
    main.o(i.init) refers to ultrasonic.o(i.Ultrasonic_Init) for Ultrasonic_Init
    main.o(i.init) refers to ultrasonic.o(i.Ultrasonic_Start_Trigger_Timer) for Ultrasonic_Start_Trigger_Timer
    main.o(i.init) refers to led.o(i.LED_Init) for LED_Init
    main.o(i.init) refers to signal.o(i.Signal_Init) for Signal_Init
    main.o(i.main) refers to main.o(i.init) for init
    main.o(i.main) refers to main.o(i.update) for update
    main.o(i.update) refers to joystick.o(i.Joystick_Center_Pressed) for Joystick_Center_Pressed
    main.o(i.update) refers to command.o(i.STOP) for STOP
    main.o(i.update) refers to joystick.o(i.Joystick_Up_Pressed) for Joystick_Up_Pressed
    main.o(i.update) refers to command.o(i.FORWARD) for FORWARD
    main.o(i.update) refers to joystick.o(i.Joystick_Down_Pressed) for Joystick_Down_Pressed
    main.o(i.update) refers to command.o(i.BACK) for BACK
    main.o(i.update) refers to joystick.o(i.Joystick_Right_Pressed) for Joystick_Right_Pressed
    main.o(i.update) refers to command.o(i.RIGHT) for RIGHT
    main.o(i.update) refers to joystick.o(i.Joystick_Left_Pressed) for Joystick_Left_Pressed
    main.o(i.update) refers to command.o(i.LEFT) for LEFT
    motor.o(i.MOTOR_Init) refers to motor.o(i.SET_MOTOR_POWER) for SET_MOTOR_POWER
    motor.o(i.PWM0_IRQHandler) refers to signal.o(i.Finish_Signal) for Finish_Signal
    motor.o(i.PWM0_IRQHandler) refers to motor.o(.data) for NUMBER_OF_TURN
    joystick.o(i.Joystick_Center_Pressed) refers to gpio.o(i.GPIO_PIN_Read) for GPIO_PIN_Read
    joystick.o(i.Joystick_Down_Pressed) refers to gpio.o(i.GPIO_PIN_Read) for GPIO_PIN_Read
    joystick.o(i.Joystick_Init) refers to gpio.o(i.GPIO_DIR_Write) for GPIO_DIR_Write
    joystick.o(i.Joystick_Left_Pressed) refers to gpio.o(i.GPIO_PIN_Read) for GPIO_PIN_Read
    joystick.o(i.Joystick_Right_Pressed) refers to gpio.o(i.GPIO_PIN_Read) for GPIO_PIN_Read
    joystick.o(i.Joystick_Up_Pressed) refers to gpio.o(i.GPIO_PIN_Read) for GPIO_PIN_Read
    signal.o(i.Finish_Signal) refers to signal.o(.data) for TURNING_MASK
    signal.o(i.Start_Signal) refers to signal.o(.data) for TURNING_PORT
    signal.o(i.TIMER1_IRQHandler) refers to signal.o(.data) for TURN_ON
    ultrasonic.o(i.TIMER2_IRQHandler) refers to ultrasonic.o(.data) for ultrasonicSensorTriggerStart
    ultrasonic.o(i.TIMER3_IRQHandler) refers to ultrasonic.o(.data) for ultrasonicSensorCaptureRisingEdge
    ultrasonic.o(i.Ultrasonic_Capture_Timer_Init) refers to ultrasonic.o(i.__NVIC_EnableIRQ) for __NVIC_EnableIRQ
    ultrasonic.o(i.Ultrasonic_Init) refers to ultrasonic.o(i.Ultrasonic_Trigger_Timer_Init) for Ultrasonic_Trigger_Timer_Init
    ultrasonic.o(i.Ultrasonic_Init) refers to ultrasonic.o(i.Ultrasonic_Capture_Timer_Init) for Ultrasonic_Capture_Timer_Init
    ultrasonic.o(i.Ultrasonic_Trigger_Timer_Init) refers to ultrasonic.o(i.__NVIC_EnableIRQ) for __NVIC_EnableIRQ
    led.o(i.LED1_Init) refers to gpio.o(i.GPIO_DIR_Write) for GPIO_DIR_Write
    led.o(i.LED1_Off) refers to gpio.o(i.GPIO_PIN_Write) for GPIO_PIN_Write
    led.o(i.LED1_On) refers to gpio.o(i.GPIO_PIN_Write) for GPIO_PIN_Write
    led.o(i.LED2_Init) refers to gpio.o(i.GPIO_DIR_Write) for GPIO_DIR_Write
    led.o(i.LED2_Off) refers to gpio.o(i.GPIO_PIN_Write) for GPIO_PIN_Write
    led.o(i.LED2_On) refers to gpio.o(i.GPIO_PIN_Write) for GPIO_PIN_Write
    led.o(i.LED3_Init) refers to gpio.o(i.GPIO_DIR_Write) for GPIO_DIR_Write
    led.o(i.LED3_Off) refers to gpio.o(i.GPIO_PIN_Write) for GPIO_PIN_Write
    led.o(i.LED3_On) refers to gpio.o(i.GPIO_PIN_Write) for GPIO_PIN_Write
    led.o(i.LED4_Init) refers to gpio.o(i.GPIO_DIR_Write) for GPIO_DIR_Write
    led.o(i.LED4_Off) refers to gpio.o(i.GPIO_PIN_Write) for GPIO_PIN_Write
    led.o(i.LED4_On) refers to gpio.o(i.GPIO_PIN_Write) for GPIO_PIN_Write
    led.o(i.LED_Init) refers to led.o(i.LED1_Init) for LED1_Init
    led.o(i.LED_Init) refers to led.o(i.LED2_Init) for LED2_Init
    led.o(i.LED_Init) refers to led.o(i.LED3_Init) for LED3_Init
    led.o(i.LED_Init) refers to led.o(i.LED4_Init) for LED4_Init
    led.o(i.LED_OFF) refers to led.o(i.LED1_Off) for LED1_Off
    led.o(i.LED_OFF) refers to led.o(i.LED2_Off) for LED2_Off
    led.o(i.LED_OFF) refers to led.o(i.LED3_Off) for LED3_Off
    led.o(i.LED_OFF) refers to led.o(i.LED4_Off) for LED4_Off
    led.o(i.LED_ON) refers to led.o(i.LED1_On) for LED1_On
    led.o(i.LED_ON) refers to led.o(i.LED2_On) for LED2_On
    led.o(i.LED_ON) refers to led.o(i.LED3_On) for LED3_On
    led.o(i.LED_ON) refers to led.o(i.LED4_On) for LED4_On
    command.o(i.AUTONOMOUS) refers to command.o(.data) for MODE
    command.o(i.BACK) refers to motor.o(i.SET_MOTOR_POWER) for SET_MOTOR_POWER
    command.o(i.BACK) refers to command.o(.data) for MOTOR_POWER_IN_PERCENT
    command.o(i.FORWARD) refers to motor.o(i.SET_MOTOR_POWER) for SET_MOTOR_POWER
    command.o(i.FORWARD) refers to command.o(.data) for MOTOR_POWER_IN_PERCENT
    command.o(i.LEFT) refers to command.o(i.__NVIC_EnableIRQ) for __NVIC_EnableIRQ
    command.o(i.LEFT) refers to command.o(i.__NVIC_ClearPendingIRQ) for __NVIC_ClearPendingIRQ
    command.o(i.LEFT) refers to motor.o(i.SET_MOTOR_POWER) for SET_MOTOR_POWER
    command.o(i.LEFT) refers to signal.o(i.Start_Signal) for Start_Signal
    command.o(i.LEFT) refers to command.o(.data) for MOTOR_POWER_IN_PERCENT
    command.o(i.RIGHT) refers to command.o(i.__NVIC_EnableIRQ) for __NVIC_EnableIRQ
    command.o(i.RIGHT) refers to command.o(i.__NVIC_ClearPendingIRQ) for __NVIC_ClearPendingIRQ
    command.o(i.RIGHT) refers to motor.o(i.SET_MOTOR_POWER) for SET_MOTOR_POWER
    command.o(i.RIGHT) refers to signal.o(i.Start_Signal) for Start_Signal
    command.o(i.RIGHT) refers to command.o(.data) for MOTOR_POWER_IN_PERCENT
    command.o(i.STOP) refers to motor.o(i.SET_MOTOR_POWER) for SET_MOTOR_POWER
    command.o(i.TESTING) refers to command.o(.data) for MODE
    startup_lpc407x_8x_177x_8x.o(RESET) refers to startup_lpc407x_8x_177x_8x.o(STACK) for __initial_sp
    startup_lpc407x_8x_177x_8x.o(RESET) refers to startup_lpc407x_8x_177x_8x.o(.text) for Reset_Handler
    startup_lpc407x_8x_177x_8x.o(RESET) refers to signal.o(i.TIMER1_IRQHandler) for TIMER1_IRQHandler
    startup_lpc407x_8x_177x_8x.o(RESET) refers to ultrasonic.o(i.TIMER2_IRQHandler) for TIMER2_IRQHandler
    startup_lpc407x_8x_177x_8x.o(RESET) refers to ultrasonic.o(i.TIMER3_IRQHandler) for TIMER3_IRQHandler
    startup_lpc407x_8x_177x_8x.o(RESET) refers to motor.o(i.PWM0_IRQHandler) for PWM0_IRQHandler
    startup_lpc407x_8x_177x_8x.o(.text) refers to system_lpc407x_8x_177x_8x.o(i.SystemInit) for SystemInit
    startup_lpc407x_8x_177x_8x.o(.text) refers to entry.o(.ARM.Collect$$$$00000000) for __main
    system_lpc407x_8x_177x_8x.o(i.SystemCoreClockUpdate) refers to system_lpc407x_8x_177x_8x.o(.data) for SystemCoreClock
    system_lpc407x_8x_177x_8x.o(i.SystemInit) refers to system_lpc407x_8x_177x_8x.o(i.fpu_init) for fpu_init
    system_lpc407x_8x_177x_8x.o(i.SystemInit) refers to system_lpc407x_8x_177x_8x.o(i.SystemCoreClockUpdate) for SystemCoreClockUpdate
    system_lpc407x_8x_177x_8x.o(i.SystemInit) refers to system_lpc407x_8x_177x_8x.o(i.SystemInit_ExtMemCtl) for SystemInit_ExtMemCtl
    system_lpc407x_8x_177x_8x.o(i.SystemInit_ExtMemCtl) refers to system_lpc407x_8x_177x_8x.o(i._DelayMs) for _DelayMs
    system_lpc407x_8x_177x_8x.o(i._DelayMs) refers to system_lpc407x_8x_177x_8x.o(.data) for SystemCoreClock
    entry.o(.ARM.Collect$$$$00000000) refers (Special) to entry10a.o(.ARM.Collect$$$$0000000D) for __rt_final_cpp
    entry.o(.ARM.Collect$$$$00000000) refers (Special) to entry11a.o(.ARM.Collect$$$$0000000F) for __rt_final_exit
    entry.o(.ARM.Collect$$$$00000000) refers (Special) to entry7b.o(.ARM.Collect$$$$00000008) for _main_clock
    entry.o(.ARM.Collect$$$$00000000) refers (Special) to entry8b.o(.ARM.Collect$$$$0000000A) for _main_cpp_init
    entry.o(.ARM.Collect$$$$00000000) refers (Special) to entry9a.o(.ARM.Collect$$$$0000000B) for _main_init
    entry.o(.ARM.Collect$$$$00000000) refers (Special) to entry5.o(.ARM.Collect$$$$00000004) for _main_scatterload
    entry.o(.ARM.Collect$$$$00000000) refers (Special) to entry2.o(.ARM.Collect$$$$00000001) for _main_stk
    entry2.o(.ARM.Collect$$$$00000001) refers to entry2.o(.ARM.Collect$$$$00002712) for __lit__00000000
    entry2.o(.ARM.Collect$$$$00002712) refers to startup_lpc407x_8x_177x_8x.o(STACK) for __initial_sp
    entry2.o(__vectab_stack_and_reset_area) refers to startup_lpc407x_8x_177x_8x.o(STACK) for __initial_sp
    entry2.o(__vectab_stack_and_reset_area) refers to entry.o(.ARM.Collect$$$$00000000) for __main
    entry5.o(.ARM.Collect$$$$00000004) refers to init.o(.text) for __scatterload
    entry9a.o(.ARM.Collect$$$$0000000B) refers to main.o(i.main) for main
    entry9b.o(.ARM.Collect$$$$0000000C) refers to main.o(i.main) for main
    init.o(.text) refers to entry5.o(.ARM.Collect$$$$00000004) for __main_after_scatterload


==============================================================================

Removing Unused input sections from the image.

    Removing main.o(.rev16_text), (4 bytes).
    Removing main.o(.revsh_text), (4 bytes).
    Removing main.o(.rrx_text), (6 bytes).
    Removing main.o(.data), (12 bytes).
    Removing gpio.o(.rev16_text), (4 bytes).
    Removing gpio.o(.revsh_text), (4 bytes).
    Removing gpio.o(.rrx_text), (6 bytes).
    Removing gpio.o(i.GPIO_PIN_Write), (18 bytes).
    Removing motor.o(.rev16_text), (4 bytes).
    Removing motor.o(.revsh_text), (4 bytes).
    Removing motor.o(.rrx_text), (6 bytes).
    Removing joystick.o(.rev16_text), (4 bytes).
    Removing joystick.o(.revsh_text), (4 bytes).
    Removing joystick.o(.rrx_text), (6 bytes).
    Removing signal.o(.rev16_text), (4 bytes).
    Removing signal.o(.revsh_text), (4 bytes).
    Removing signal.o(.rrx_text), (6 bytes).
    Removing timer.o(.rev16_text), (4 bytes).
    Removing timer.o(.revsh_text), (4 bytes).
    Removing timer.o(.rrx_text), (6 bytes).
    Removing ultrasonic.o(.rev16_text), (4 bytes).
    Removing ultrasonic.o(.revsh_text), (4 bytes).
    Removing ultrasonic.o(.rrx_text), (6 bytes).
    Removing pwm.o(.rev16_text), (4 bytes).
    Removing pwm.o(.revsh_text), (4 bytes).
    Removing pwm.o(.rrx_text), (6 bytes).
    Removing led.o(.rev16_text), (4 bytes).
    Removing led.o(.revsh_text), (4 bytes).
    Removing led.o(.rrx_text), (6 bytes).
    Removing led.o(i.LED1_Off), (20 bytes).
    Removing led.o(i.LED1_On), (20 bytes).
    Removing led.o(i.LED2_Off), (20 bytes).
    Removing led.o(i.LED2_On), (20 bytes).
    Removing led.o(i.LED3_Off), (20 bytes).
    Removing led.o(i.LED3_On), (20 bytes).
    Removing led.o(i.LED4_Off), (20 bytes).
    Removing led.o(i.LED4_On), (20 bytes).
    Removing led.o(i.LED_OFF), (20 bytes).
    Removing led.o(i.LED_ON), (20 bytes).
    Removing command.o(.rev16_text), (4 bytes).
    Removing command.o(.revsh_text), (4 bytes).
    Removing command.o(.rrx_text), (6 bytes).
    Removing command.o(i.AUTONOMOUS), (12 bytes).
    Removing command.o(i.TESTING), (12 bytes).
    Removing startup_lpc407x_8x_177x_8x.o(HEAP), (0 bytes).
    Removing system_lpc407x_8x_177x_8x.o(.rev16_text), (4 bytes).
    Removing system_lpc407x_8x_177x_8x.o(.revsh_text), (4 bytes).
    Removing system_lpc407x_8x_177x_8x.o(.rrx_text), (6 bytes).

48 unused section(s) (total 408 bytes) removed from the image.

==============================================================================

Image Symbol Table

    Local Symbols

    Symbol Name                              Value     Ov Type        Size  Object(Section)

    RESET                                    0x00000000   Section      228  startup_lpc407x_8x_177x_8x.o(RESET)
    ../clib/microlib/init/entry.s            0x00000000   Number         0  entry11b.o ABSOLUTE
    ../clib/microlib/init/entry.s            0x00000000   Number         0  entry10b.o ABSOLUTE
    ../clib/microlib/init/entry.s            0x00000000   Number         0  entry.o ABSOLUTE
    ../clib/microlib/init/entry.s            0x00000000   Number         0  entry8a.o ABSOLUTE
    ../clib/microlib/init/entry.s            0x00000000   Number         0  entry9a.o ABSOLUTE
    ../clib/microlib/init/entry.s            0x00000000   Number         0  entry10a.o ABSOLUTE
    ../clib/microlib/init/entry.s            0x00000000   Number         0  entry9b.o ABSOLUTE
    ../clib/microlib/init/entry.s            0x00000000   Number         0  entry2.o ABSOLUTE
    ../clib/microlib/init/entry.s            0x00000000   Number         0  entry5.o ABSOLUTE
    ../clib/microlib/init/entry.s            0x00000000   Number         0  entry8b.o ABSOLUTE
    ../clib/microlib/init/entry.s            0x00000000   Number         0  entry7a.o ABSOLUTE
    ../clib/microlib/init/entry.s            0x00000000   Number         0  entry7b.o ABSOLUTE
    ../clib/microlib/init/entry.s            0x00000000   Number         0  entry11a.o ABSOLUTE
    Command.c                                0x00000000   Number         0  command.o ABSOLUTE
    Command.c                                0x00000000   Number         0  command.o ABSOLUTE
    GPIO.c                                   0x00000000   Number         0  gpio.o ABSOLUTE
    GPIO.c                                   0x00000000   Number         0  gpio.o ABSOLUTE
    Joystick.c                               0x00000000   Number         0  joystick.o ABSOLUTE
    Joystick.c                               0x00000000   Number         0  joystick.o ABSOLUTE
    Led.c                                    0x00000000   Number         0  led.o ABSOLUTE
    Led.c                                    0x00000000   Number         0  led.o ABSOLUTE
    MOTOR.c                                  0x00000000   Number         0  motor.o ABSOLUTE
    MOTOR.c                                  0x00000000   Number         0  motor.o ABSOLUTE
    PWM.c                                    0x00000000   Number         0  pwm.o ABSOLUTE
    PWM.c                                    0x00000000   Number         0  pwm.o ABSOLUTE
    RTE\Device\LPC4088FET208\startup_LPC407x_8x_177x_8x.s 0x00000000   Number         0  startup_lpc407x_8x_177x_8x.o ABSOLUTE
    RTE\Device\LPC4088FET208\system_LPC407x_8x_177x_8x.c 0x00000000   Number         0  system_lpc407x_8x_177x_8x.o ABSOLUTE
    RTE\\Device\\LPC4088FET208\\system_LPC407x_8x_177x_8x.c 0x00000000   Number         0  system_lpc407x_8x_177x_8x.o ABSOLUTE
    Signal.c                                 0x00000000   Number         0  signal.o ABSOLUTE
    Signal.c                                 0x00000000   Number         0  signal.o ABSOLUTE
    TIMER.c                                  0x00000000   Number         0  timer.o ABSOLUTE
    TIMER.c                                  0x00000000   Number         0  timer.o ABSOLUTE
    Ultrasonic.c                             0x00000000   Number         0  ultrasonic.o ABSOLUTE
    Ultrasonic.c                             0x00000000   Number         0  ultrasonic.o ABSOLUTE
    dc.s                                     0x00000000   Number         0  dc.o ABSOLUTE
    handlers.s                               0x00000000   Number         0  handlers.o ABSOLUTE
    init.s                                   0x00000000   Number         0  init.o ABSOLUTE
    main.c                                   0x00000000   Number         0  main.o ABSOLUTE
    main.c                                   0x00000000   Number         0  main.o ABSOLUTE
    .ARM.Collect$$$$00000000                 0x000000e4   Section        0  entry.o(.ARM.Collect$$$$00000000)
    .ARM.Collect$$$$00000001                 0x000000e4   Section        4  entry2.o(.ARM.Collect$$$$00000001)
    .ARM.Collect$$$$00000004                 0x000000e8   Section        4  entry5.o(.ARM.Collect$$$$00000004)
    .ARM.Collect$$$$00000008                 0x000000ec   Section        0  entry7b.o(.ARM.Collect$$$$00000008)
    .ARM.Collect$$$$0000000A                 0x000000ec   Section        0  entry8b.o(.ARM.Collect$$$$0000000A)
    .ARM.Collect$$$$0000000B                 0x000000ec   Section        8  entry9a.o(.ARM.Collect$$$$0000000B)
    .ARM.Collect$$$$0000000D                 0x000000f4   Section        0  entry10a.o(.ARM.Collect$$$$0000000D)
    .ARM.Collect$$$$0000000F                 0x000000f4   Section        0  entry11a.o(.ARM.Collect$$$$0000000F)
    .ARM.Collect$$$$00002712                 0x000000f4   Section        4  entry2.o(.ARM.Collect$$$$00002712)
    __lit__00000000                          0x000000f4   Data           4  entry2.o(.ARM.Collect$$$$00002712)
    .text                                    0x000000f8   Section       36  startup_lpc407x_8x_177x_8x.o(.text)
    $v0                                      0x000000f8   Number         0  startup_lpc407x_8x_177x_8x.o(.text)
    .text                                    0x0000011c   Section       36  init.o(.text)
    i.BACK                                   0x00000140   Section        0  command.o(i.BACK)
    i.FORWARD                                0x000001a4   Section        0  command.o(i.FORWARD)
    i.Finish_Signal                          0x00000208   Section        0  signal.o(i.Finish_Signal)
    i.GPIO_DIR_Write                         0x0000027c   Section        0  gpio.o(i.GPIO_DIR_Write)
    i.GPIO_PIN_Read                          0x0000028e   Section        0  gpio.o(i.GPIO_PIN_Read)
    i.Joystick_Center_Pressed                0x00000298   Section        0  joystick.o(i.Joystick_Center_Pressed)
    i.Joystick_Down_Pressed                  0x000002b0   Section        0  joystick.o(i.Joystick_Down_Pressed)
    i.Joystick_Left_Pressed                  0x000002c8   Section        0  joystick.o(i.Joystick_Left_Pressed)
    i.Joystick_Right_Pressed                 0x000002e0   Section        0  joystick.o(i.Joystick_Right_Pressed)
    i.__scatterload_null                     0x000002f8   Section        2  handlers.o(i.__scatterload_null)
    .ARM.__at_0x02FC                         0x000002fc   Section        4  startup_lpc407x_8x_177x_8x.o(.ARM.__at_0x02FC)
    i.Joystick_Init                          0x00000300   Section        0  joystick.o(i.Joystick_Init)
    i.Joystick_Up_Pressed                    0x00000388   Section        0  joystick.o(i.Joystick_Up_Pressed)
    i.LED1_Init                              0x000003a0   Section        0  led.o(i.LED1_Init)
    i.LED2_Init                              0x000003b4   Section        0  led.o(i.LED2_Init)
    i.LED3_Init                              0x000003c8   Section        0  led.o(i.LED3_Init)
    i.LED4_Init                              0x000003dc   Section        0  led.o(i.LED4_Init)
    i.LED_Init                               0x000003f0   Section        0  led.o(i.LED_Init)
    i.LEFT                                   0x00000404   Section        0  command.o(i.LEFT)
    i.MOTOR_Init                             0x0000047c   Section        0  motor.o(i.MOTOR_Init)
    i.PWM0_IRQHandler                        0x00000540   Section        0  motor.o(i.PWM0_IRQHandler)
    i.RIGHT                                  0x000005b0   Section        0  command.o(i.RIGHT)
    i.SET_MOTOR_POWER                        0x0000062c   Section        0  motor.o(i.SET_MOTOR_POWER)
    i.STOP                                   0x00000668   Section        0  command.o(i.STOP)
    i.Signal_Init                            0x00000690   Section        0  signal.o(i.Signal_Init)
    i.Start_Signal                           0x0000073c   Section        0  signal.o(i.Start_Signal)
    i.SystemCoreClockUpdate                  0x000007cc   Section        0  system_lpc407x_8x_177x_8x.o(i.SystemCoreClockUpdate)
    i.SystemInit                             0x00000aa0   Section        0  system_lpc407x_8x_177x_8x.o(i.SystemInit)
    i.SystemInit_ExtMemCtl                   0x00000b90   Section        0  system_lpc407x_8x_177x_8x.o(i.SystemInit_ExtMemCtl)
    i.TIMER1_IRQHandler                      0x00000d88   Section        0  signal.o(i.TIMER1_IRQHandler)
    i.TIMER2_IRQHandler                      0x00000dd4   Section        0  ultrasonic.o(i.TIMER2_IRQHandler)
    i.TIMER3_IRQHandler                      0x00000e20   Section        0  ultrasonic.o(i.TIMER3_IRQHandler)
    i.Ultrasonic_Capture_Timer_Init          0x00000e74   Section        0  ultrasonic.o(i.Ultrasonic_Capture_Timer_Init)
    i.Ultrasonic_Init                        0x00000ed8   Section        0  ultrasonic.o(i.Ultrasonic_Init)
    i.Ultrasonic_Start_Trigger_Timer         0x00000f00   Section        0  ultrasonic.o(i.Ultrasonic_Start_Trigger_Timer)
    i.Ultrasonic_Trigger_Timer_Init          0x00000f38   Section        0  ultrasonic.o(i.Ultrasonic_Trigger_Timer_Init)
    i._DelayMs                               0x00000fdc   Section        0  system_lpc407x_8x_177x_8x.o(i._DelayMs)
    _DelayMs                                 0x00000fdd   Thumb Code    38  system_lpc407x_8x_177x_8x.o(i._DelayMs)
    i.__NVIC_ClearPendingIRQ                 0x00001008   Section        0  command.o(i.__NVIC_ClearPendingIRQ)
    __NVIC_ClearPendingIRQ                   0x00001009   Thumb Code    22  command.o(i.__NVIC_ClearPendingIRQ)
    i.__NVIC_EnableIRQ                       0x00001024   Section        0  ultrasonic.o(i.__NVIC_EnableIRQ)
    __NVIC_EnableIRQ                         0x00001025   Thumb Code    26  ultrasonic.o(i.__NVIC_EnableIRQ)
    i.__NVIC_EnableIRQ                       0x0000103e   Section        0  command.o(i.__NVIC_EnableIRQ)
    __NVIC_EnableIRQ                         0x0000103f   Thumb Code    26  command.o(i.__NVIC_EnableIRQ)
    i.__scatterload_copy                     0x00001058   Section       14  handlers.o(i.__scatterload_copy)
    i.__scatterload_zeroinit                 0x00001066   Section       14  handlers.o(i.__scatterload_zeroinit)
    i.fpu_init                               0x00001074   Section        0  system_lpc407x_8x_177x_8x.o(i.fpu_init)
    i.init                                   0x000010c4   Section        0  main.o(i.init)
    i.main                                   0x000010e0   Section        0  main.o(i.main)
    i.update                                 0x000010ec   Section        0  main.o(i.update)
    .data                                    0x10000000   Section        8  motor.o(.data)
    MOTOR_POWER_IN_PERCENT                   0x10000000   Data           4  motor.o(.data)
    NUMBER_OF_TURN                           0x10000004   Data           4  motor.o(.data)
    .data                                    0x10000008   Section       12  signal.o(.data)
    .data                                    0x10000014   Section       19  ultrasonic.o(.data)
    .data                                    0x10000028   Section       12  command.o(.data)
    MOTOR_POWER_IN_PERCENT                   0x10000028   Data           4  command.o(.data)
    NUMBER_OF_TURN                           0x1000002c   Data           4  command.o(.data)
    MODE                                     0x10000030   Data           4  command.o(.data)
    .data                                    0x10000034   Section       16  system_lpc407x_8x_177x_8x.o(.data)
    STACK                                    0x10000048   Section     1024  startup_lpc407x_8x_177x_8x.o(STACK)

    Global Symbols

    Symbol Name                              Value     Ov Type        Size  Object(Section)

    BuildAttributes$$THM_ISAv4$E$P$D$K$B$S$7EM$VFPi3$EXTD16$VFPS$VFMA$PE$A:L22UL41UL21$X:L11$S22US41US21$IEEE1$IW$USESV6$~STKCKD$USESV7$~SHL$OSPACE$EBA8$MICROLIB$REQ8$PRES8$EABIv2 0x00000000   Number         0  anon$$obj.o ABSOLUTE
    __ARM_use_no_argv                        0x00000000   Number         0  main.o ABSOLUTE
    __Vectors                                0x00000000   Data           4  startup_lpc407x_8x_177x_8x.o(RESET)
    __cpp_initialize__aeabi_                  - Undefined Weak Reference
    __cxa_finalize                            - Undefined Weak Reference
    __decompress                              - Undefined Weak Reference
    _clock_init                               - Undefined Weak Reference
    _microlib_exit                            - Undefined Weak Reference
    __main                                   0x000000e5   Thumb Code     0  entry.o(.ARM.Collect$$$$00000000)
    _main_stk                                0x000000e5   Thumb Code     0  entry2.o(.ARM.Collect$$$$00000001)
    _main_scatterload                        0x000000e9   Thumb Code     0  entry5.o(.ARM.Collect$$$$00000004)
    __main_after_scatterload                 0x000000ed   Thumb Code     0  entry5.o(.ARM.Collect$$$$00000004)
    _main_clock                              0x000000ed   Thumb Code     0  entry7b.o(.ARM.Collect$$$$00000008)
    _main_cpp_init                           0x000000ed   Thumb Code     0  entry8b.o(.ARM.Collect$$$$0000000A)
    _main_init                               0x000000ed   Thumb Code     0  entry9a.o(.ARM.Collect$$$$0000000B)
    __rt_final_cpp                           0x000000f5   Thumb Code     0  entry10a.o(.ARM.Collect$$$$0000000D)
    __rt_final_exit                          0x000000f5   Thumb Code     0  entry11a.o(.ARM.Collect$$$$0000000F)
    Reset_Handler                            0x000000f9   Thumb Code     8  startup_lpc407x_8x_177x_8x.o(.text)
    NMI_Handler                              0x00000101   Thumb Code     2  startup_lpc407x_8x_177x_8x.o(.text)
    HardFault_Handler                        0x00000103   Thumb Code     2  startup_lpc407x_8x_177x_8x.o(.text)
    MemManage_Handler                        0x00000105   Thumb Code     2  startup_lpc407x_8x_177x_8x.o(.text)
    BusFault_Handler                         0x00000107   Thumb Code     2  startup_lpc407x_8x_177x_8x.o(.text)
    UsageFault_Handler                       0x00000109   Thumb Code     2  startup_lpc407x_8x_177x_8x.o(.text)
    SVC_Handler                              0x0000010b   Thumb Code     2  startup_lpc407x_8x_177x_8x.o(.text)
    DebugMon_Handler                         0x0000010d   Thumb Code     2  startup_lpc407x_8x_177x_8x.o(.text)
    PendSV_Handler                           0x0000010f   Thumb Code     2  startup_lpc407x_8x_177x_8x.o(.text)
    SysTick_Handler                          0x00000111   Thumb Code     2  startup_lpc407x_8x_177x_8x.o(.text)
    ADC_IRQHandler                           0x00000113   Thumb Code     0  startup_lpc407x_8x_177x_8x.o(.text)
    BOD_IRQHandler                           0x00000113   Thumb Code     0  startup_lpc407x_8x_177x_8x.o(.text)
    CANActivity_IRQHandler                   0x00000113   Thumb Code     0  startup_lpc407x_8x_177x_8x.o(.text)
    CAN_IRQHandler                           0x00000113   Thumb Code     0  startup_lpc407x_8x_177x_8x.o(.text)
    DMA_IRQHandler                           0x00000113   Thumb Code     0  startup_lpc407x_8x_177x_8x.o(.text)
    EEPROM_IRQHandler                        0x00000113   Thumb Code     0  startup_lpc407x_8x_177x_8x.o(.text)
    EINT0_IRQHandler                         0x00000113   Thumb Code     0  startup_lpc407x_8x_177x_8x.o(.text)
    EINT1_IRQHandler                         0x00000113   Thumb Code     0  startup_lpc407x_8x_177x_8x.o(.text)
    EINT2_IRQHandler                         0x00000113   Thumb Code     0  startup_lpc407x_8x_177x_8x.o(.text)
    EINT3_IRQHandler                         0x00000113   Thumb Code     0  startup_lpc407x_8x_177x_8x.o(.text)
    ENET_IRQHandler                          0x00000113   Thumb Code     0  startup_lpc407x_8x_177x_8x.o(.text)
    GPIO_IRQHandler                          0x00000113   Thumb Code     0  startup_lpc407x_8x_177x_8x.o(.text)
    I2C0_IRQHandler                          0x00000113   Thumb Code     0  startup_lpc407x_8x_177x_8x.o(.text)
    I2C1_IRQHandler                          0x00000113   Thumb Code     0  startup_lpc407x_8x_177x_8x.o(.text)
    I2C2_IRQHandler                          0x00000113   Thumb Code     0  startup_lpc407x_8x_177x_8x.o(.text)
    I2S_IRQHandler                           0x00000113   Thumb Code     0  startup_lpc407x_8x_177x_8x.o(.text)
    LCD_IRQHandler                           0x00000113   Thumb Code     0  startup_lpc407x_8x_177x_8x.o(.text)
    MCI_IRQHandler                           0x00000113   Thumb Code     0  startup_lpc407x_8x_177x_8x.o(.text)
    MCPWM_IRQHandler                         0x00000113   Thumb Code     0  startup_lpc407x_8x_177x_8x.o(.text)
    PLL0_IRQHandler                          0x00000113   Thumb Code     0  startup_lpc407x_8x_177x_8x.o(.text)
    PLL1_IRQHandler                          0x00000113   Thumb Code     0  startup_lpc407x_8x_177x_8x.o(.text)
    PWM1_IRQHandler                          0x00000113   Thumb Code     0  startup_lpc407x_8x_177x_8x.o(.text)
    QEI_IRQHandler                           0x00000113   Thumb Code     0  startup_lpc407x_8x_177x_8x.o(.text)
    RTC_IRQHandler                           0x00000113   Thumb Code     0  startup_lpc407x_8x_177x_8x.o(.text)
    SSP0_IRQHandler                          0x00000113   Thumb Code     0  startup_lpc407x_8x_177x_8x.o(.text)
    SSP1_IRQHandler                          0x00000113   Thumb Code     0  startup_lpc407x_8x_177x_8x.o(.text)
    SSP2_IRQHandler                          0x00000113   Thumb Code     0  startup_lpc407x_8x_177x_8x.o(.text)
    TIMER0_IRQHandler                        0x00000113   Thumb Code     0  startup_lpc407x_8x_177x_8x.o(.text)
    UART0_IRQHandler                         0x00000113   Thumb Code     0  startup_lpc407x_8x_177x_8x.o(.text)
    UART1_IRQHandler                         0x00000113   Thumb Code     0  startup_lpc407x_8x_177x_8x.o(.text)
    UART2_IRQHandler                         0x00000113   Thumb Code     0  startup_lpc407x_8x_177x_8x.o(.text)
    UART3_IRQHandler                         0x00000113   Thumb Code     0  startup_lpc407x_8x_177x_8x.o(.text)
    UART4_IRQHandler                         0x00000113   Thumb Code     0  startup_lpc407x_8x_177x_8x.o(.text)
    USBActivity_IRQHandler                   0x00000113   Thumb Code     0  startup_lpc407x_8x_177x_8x.o(.text)
    USB_IRQHandler                           0x00000113   Thumb Code     0  startup_lpc407x_8x_177x_8x.o(.text)
    WDT_IRQHandler                           0x00000113   Thumb Code     0  startup_lpc407x_8x_177x_8x.o(.text)
    __scatterload                            0x0000011d   Thumb Code    28  init.o(.text)
    __scatterload_rt2                        0x0000011d   Thumb Code     0  init.o(.text)
    BACK                                     0x00000141   Thumb Code    90  command.o(i.BACK)
    FORWARD                                  0x000001a5   Thumb Code    90  command.o(i.FORWARD)
    Finish_Signal                            0x00000209   Thumb Code    98  signal.o(i.Finish_Signal)
    GPIO_DIR_Write                           0x0000027d   Thumb Code    18  gpio.o(i.GPIO_DIR_Write)
    GPIO_PIN_Read                            0x0000028f   Thumb Code    10  gpio.o(i.GPIO_PIN_Read)
    Joystick_Center_Pressed                  0x00000299   Thumb Code    20  joystick.o(i.Joystick_Center_Pressed)
    Joystick_Down_Pressed                    0x000002b1   Thumb Code    20  joystick.o(i.Joystick_Down_Pressed)
    Joystick_Left_Pressed                    0x000002c9   Thumb Code    20  joystick.o(i.Joystick_Left_Pressed)
    Joystick_Right_Pressed                   0x000002e1   Thumb Code    20  joystick.o(i.Joystick_Right_Pressed)
    __scatterload_null                       0x000002f9   Thumb Code     2  handlers.o(i.__scatterload_null)
    Joystick_Init                            0x00000301   Thumb Code   124  joystick.o(i.Joystick_Init)
    Joystick_Up_Pressed                      0x00000389   Thumb Code    20  joystick.o(i.Joystick_Up_Pressed)
    LED1_Init                                0x000003a1   Thumb Code    14  led.o(i.LED1_Init)
    LED2_Init                                0x000003b5   Thumb Code    14  led.o(i.LED2_Init)
    LED3_Init                                0x000003c9   Thumb Code    14  led.o(i.LED3_Init)
    LED4_Init                                0x000003dd   Thumb Code    14  led.o(i.LED4_Init)
    LED_Init                                 0x000003f1   Thumb Code    20  led.o(i.LED_Init)
    LEFT                                     0x00000405   Thumb Code   112  command.o(i.LEFT)
    MOTOR_Init                               0x0000047d   Thumb Code   176  motor.o(i.MOTOR_Init)
    PWM0_IRQHandler                          0x00000541   Thumb Code   100  motor.o(i.PWM0_IRQHandler)
    RIGHT                                    0x000005b1   Thumb Code   114  command.o(i.RIGHT)
    SET_MOTOR_POWER                          0x0000062d   Thumb Code    56  motor.o(i.SET_MOTOR_POWER)
    STOP                                     0x00000669   Thumb Code    34  command.o(i.STOP)
    Signal_Init                              0x00000691   Thumb Code   146  signal.o(i.Signal_Init)
    Start_Signal                             0x0000073d   Thumb Code   124  signal.o(i.Start_Signal)
    SystemCoreClockUpdate                    0x000007cd   Thumb Code   696  system_lpc407x_8x_177x_8x.o(i.SystemCoreClockUpdate)
    SystemInit                               0x00000aa1   Thumb Code   224  system_lpc407x_8x_177x_8x.o(i.SystemInit)
    SystemInit_ExtMemCtl                     0x00000b91   Thumb Code   468  system_lpc407x_8x_177x_8x.o(i.SystemInit_ExtMemCtl)
    TIMER1_IRQHandler                        0x00000d89   Thumb Code    58  signal.o(i.TIMER1_IRQHandler)
    TIMER2_IRQHandler                        0x00000dd5   Thumb Code    68  ultrasonic.o(i.TIMER2_IRQHandler)
    TIMER3_IRQHandler                        0x00000e21   Thumb Code    64  ultrasonic.o(i.TIMER3_IRQHandler)
    Ultrasonic_Capture_Timer_Init            0x00000e75   Thumb Code    92  ultrasonic.o(i.Ultrasonic_Capture_Timer_Init)
    Ultrasonic_Init                          0x00000ed9   Thumb Code    34  ultrasonic.o(i.Ultrasonic_Init)
    Ultrasonic_Start_Trigger_Timer           0x00000f01   Thumb Code    52  ultrasonic.o(i.Ultrasonic_Start_Trigger_Timer)
    Ultrasonic_Trigger_Timer_Init            0x00000f39   Thumb Code   144  ultrasonic.o(i.Ultrasonic_Trigger_Timer_Init)
    __scatterload_copy                       0x00001059   Thumb Code    14  handlers.o(i.__scatterload_copy)
    __scatterload_zeroinit                   0x00001067   Thumb Code    14  handlers.o(i.__scatterload_zeroinit)
    fpu_init                                 0x00001075   Thumb Code    62  system_lpc407x_8x_177x_8x.o(i.fpu_init)
    init                                     0x000010c5   Thumb Code    28  main.o(i.init)
    main                                     0x000010e1   Thumb Code    12  main.o(i.main)
    update                                   0x000010ed   Thumb Code    54  main.o(i.update)
    Region$$Table$$Base                      0x00001124   Number         0  anon$$obj.o(Region$$Table)
    Region$$Table$$Limit                     0x00001144   Number         0  anon$$obj.o(Region$$Table)
    TURN_ON                                  0x10000008   Data           1  signal.o(.data)
    TURNING_MASK                             0x1000000c   Data           4  signal.o(.data)
    TURNING_PORT                             0x10000010   Data           4  signal.o(.data)
    ultrasonicSensorRisingCaptureTime        0x10000014   Data           4  ultrasonic.o(.data)
    ultrasonicSensorFallingCaptureTime       0x10000018   Data           4  ultrasonic.o(.data)
    ultrasonicSensorDuration                 0x1000001c   Data           4  ultrasonic.o(.data)
    ultrasonicSensorDistance                 0x10000020   Data           4  ultrasonic.o(.data)
    ultrasonicSensorNewDataAvailable         0x10000024   Data           1  ultrasonic.o(.data)
    ultrasonicSensorTriggerStart             0x10000025   Data           1  ultrasonic.o(.data)
    ultrasonicSensorCaptureRisingEdge        0x10000026   Data           1  ultrasonic.o(.data)
    SystemCoreClock                          0x10000034   Data           4  system_lpc407x_8x_177x_8x.o(.data)
    PeripheralClock                          0x10000038   Data           4  system_lpc407x_8x_177x_8x.o(.data)
    EMCClock                                 0x1000003c   Data           4  system_lpc407x_8x_177x_8x.o(.data)
    USBClock                                 0x10000040   Data           4  system_lpc407x_8x_177x_8x.o(.data)
    __initial_sp                             0x10000448   Data           0  startup_lpc407x_8x_177x_8x.o(STACK)



==============================================================================

Memory Map of the image

  Image Entry point : 0x000000f9

  Load Region LR_1 (Base: 0x00000000, Size: 0x00001188, Max: 0xffffffff, ABSOLUTE)

    Execution Region ER_RO (Exec base: 0x00000000, Load base: 0x00000000, Size: 0x00001144, Max: 0xffffffff, ABSOLUTE)

    Exec Addr    Load Addr    Size         Type   Attr      Idx    E Section Name        Object

    0x00000000   0x00000000   0x000000e4   Data   RO          583    RESET               startup_lpc407x_8x_177x_8x.o
    0x000000e4   0x000000e4   0x00000000   Code   RO          644  * .ARM.Collect$$$$00000000  mc_w.l(entry.o)
    0x000000e4   0x000000e4   0x00000004   Code   RO          647    .ARM.Collect$$$$00000001  mc_w.l(entry2.o)
    0x000000e8   0x000000e8   0x00000004   Code   RO          650    .ARM.Collect$$$$00000004  mc_w.l(entry5.o)
    0x000000ec   0x000000ec   0x00000000   Code   RO          652    .ARM.Collect$$$$00000008  mc_w.l(entry7b.o)
    0x000000ec   0x000000ec   0x00000000   Code   RO          654    .ARM.Collect$$$$0000000A  mc_w.l(entry8b.o)
    0x000000ec   0x000000ec   0x00000008   Code   RO          655    .ARM.Collect$$$$0000000B  mc_w.l(entry9a.o)
    0x000000f4   0x000000f4   0x00000000   Code   RO          657    .ARM.Collect$$$$0000000D  mc_w.l(entry10a.o)
    0x000000f4   0x000000f4   0x00000000   Code   RO          659    .ARM.Collect$$$$0000000F  mc_w.l(entry11a.o)
    0x000000f4   0x000000f4   0x00000004   Code   RO          648    .ARM.Collect$$$$00002712  mc_w.l(entry2.o)
    0x000000f8   0x000000f8   0x00000024   Code   RO          585  * .text               startup_lpc407x_8x_177x_8x.o
    0x0000011c   0x0000011c   0x00000024   Code   RO          661    .text               mc_w.l(init.o)
    0x00000140   0x00000140   0x00000064   Code   RO          506    i.BACK              command.o
    0x000001a4   0x000001a4   0x00000064   Code   RO          507    i.FORWARD           command.o
    0x00000208   0x00000208   0x00000074   Code   RO          237    i.Finish_Signal     signal.o
    0x0000027c   0x0000027c   0x00000012   Code   RO          102    i.GPIO_DIR_Write    gpio.o
    0x0000028e   0x0000028e   0x0000000a   Code   RO          103    i.GPIO_PIN_Read     gpio.o
    0x00000298   0x00000298   0x00000018   Code   RO          183    i.Joystick_Center_Pressed  joystick.o
    0x000002b0   0x000002b0   0x00000018   Code   RO          184    i.Joystick_Down_Pressed  joystick.o
    0x000002c8   0x000002c8   0x00000018   Code   RO          186    i.Joystick_Left_Pressed  joystick.o
    0x000002e0   0x000002e0   0x00000018   Code   RO          187    i.Joystick_Right_Pressed  joystick.o
    0x000002f8   0x000002f8   0x00000002   Code   RO          666    i.__scatterload_null  mc_w.l(handlers.o)
    0x000002fa   0x000002fa   0x00000002   PAD
    0x000002fc   0x000002fc   0x00000004   Code   RO          584    .ARM.__at_0x02FC    startup_lpc407x_8x_177x_8x.o
    0x00000300   0x00000300   0x00000088   Code   RO          185    i.Joystick_Init     joystick.o
    0x00000388   0x00000388   0x00000018   Code   RO          188    i.Joystick_Up_Pressed  joystick.o
    0x000003a0   0x000003a0   0x00000014   Code   RO          394    i.LED1_Init         led.o
    0x000003b4   0x000003b4   0x00000014   Code   RO          397    i.LED2_Init         led.o
    0x000003c8   0x000003c8   0x00000014   Code   RO          400    i.LED3_Init         led.o
    0x000003dc   0x000003dc   0x00000014   Code   RO          403    i.LED4_Init         led.o
    0x000003f0   0x000003f0   0x00000014   Code   RO          406    i.LED_Init          led.o
    0x00000404   0x00000404   0x00000078   Code   RO          508    i.LEFT              command.o
    0x0000047c   0x0000047c   0x000000c4   Code   RO          138    i.MOTOR_Init        motor.o
    0x00000540   0x00000540   0x00000070   Code   RO          139    i.PWM0_IRQHandler   motor.o
    0x000005b0   0x000005b0   0x0000007c   Code   RO          509    i.RIGHT             command.o
    0x0000062c   0x0000062c   0x0000003c   Code   RO          140    i.SET_MOTOR_POWER   motor.o
    0x00000668   0x00000668   0x00000028   Code   RO          510    i.STOP              command.o
    0x00000690   0x00000690   0x000000ac   Code   RO          238    i.Signal_Init       signal.o
    0x0000073c   0x0000073c   0x00000090   Code   RO          239    i.Start_Signal      signal.o
    0x000007cc   0x000007cc   0x000002d4   Code   RO          594    i.SystemCoreClockUpdate  system_lpc407x_8x_177x_8x.o
    0x00000aa0   0x00000aa0   0x000000f0   Code   RO          595    i.SystemInit        system_lpc407x_8x_177x_8x.o
    0x00000b90   0x00000b90   0x000001f8   Code   RO          596    i.SystemInit_ExtMemCtl  system_lpc407x_8x_177x_8x.o
    0x00000d88   0x00000d88   0x0000004c   Code   RO          240    i.TIMER1_IRQHandler  signal.o
    0x00000dd4   0x00000dd4   0x0000004c   Code   RO          307    i.TIMER2_IRQHandler  ultrasonic.o
    0x00000e20   0x00000e20   0x00000054   Code   RO          308    i.TIMER3_IRQHandler  ultrasonic.o
    0x00000e74   0x00000e74   0x00000064   Code   RO          309    i.Ultrasonic_Capture_Timer_Init  ultrasonic.o
    0x00000ed8   0x00000ed8   0x00000028   Code   RO          310    i.Ultrasonic_Init   ultrasonic.o
    0x00000f00   0x00000f00   0x00000038   Code   RO          311    i.Ultrasonic_Start_Trigger_Timer  ultrasonic.o
    0x00000f38   0x00000f38   0x000000a4   Code   RO          312    i.Ultrasonic_Trigger_Timer_Init  ultrasonic.o
    0x00000fdc   0x00000fdc   0x0000002c   Code   RO          597    i._DelayMs          system_lpc407x_8x_177x_8x.o
    0x00001008   0x00001008   0x0000001c   Code   RO          512    i.__NVIC_ClearPendingIRQ  command.o
    0x00001024   0x00001024   0x0000001a   Code   RO          313    i.__NVIC_EnableIRQ  ultrasonic.o
    0x0000103e   0x0000103e   0x0000001a   Code   RO          513    i.__NVIC_EnableIRQ  command.o
    0x00001058   0x00001058   0x0000000e   Code   RO          665    i.__scatterload_copy  mc_w.l(handlers.o)
    0x00001066   0x00001066   0x0000000e   Code   RO          667    i.__scatterload_zeroinit  mc_w.l(handlers.o)
    0x00001074   0x00001074   0x00000050   Code   RO          598    i.fpu_init          system_lpc407x_8x_177x_8x.o
    0x000010c4   0x000010c4   0x0000001c   Code   RO            4    i.init              main.o
    0x000010e0   0x000010e0   0x0000000c   Code   RO            5    i.main              main.o
    0x000010ec   0x000010ec   0x00000036   Code   RO            6    i.update            main.o
    0x00001122   0x00001122   0x00000002   PAD
    0x00001124   0x00001124   0x00000020   Data   RO          663    Region$$Table       anon$$obj.o


    Execution Region ER_RW (Exec base: 0x10000000, Load base: 0x00001144, Size: 0x00000044, Max: 0xffffffff, ABSOLUTE)

    Exec Addr    Load Addr    Size         Type   Attr      Idx    E Section Name        Object

    0x10000000   0x00001144   0x00000008   Data   RW          141    .data               motor.o
    0x10000008   0x0000114c   0x0000000c   Data   RW          241    .data               signal.o
    0x10000014   0x00001158   0x00000013   Data   RW          314    .data               ultrasonic.o
    0x10000027   0x0000116b   0x00000001   PAD
    0x10000028   0x0000116c   0x0000000c   Data   RW          514    .data               command.o
    0x10000034   0x00001178   0x00000010   Data   RW          599    .data               system_lpc407x_8x_177x_8x.o


    Execution Region ER_ZI (Exec base: 0x10000044, Load base: 0x00001188, Size: 0x00000404, Max: 0xffffffff, ABSOLUTE)

    Exec Addr    Load Addr    Size         Type   Attr      Idx    E Section Name        Object

    0x10000044   0x00001188   0x00000004   PAD
    0x10000048        -       0x00000400   Zero   RW          581    STACK               startup_lpc407x_8x_177x_8x.o


==============================================================================

Image component sizes


      Code (inc. data)   RO Data    RW Data    ZI Data      Debug   Object Name

       538         50          0         12          0      33434   command.o
        28          0          0          0          0       1345   gpio.o
       256         32          0          0          0       2985   joystick.o
       100         24          0          0          0       2087   led.o
        94          0          0          0          0      29131   main.o
       368         36          0          8          0      31892   motor.o
       508         82          0         12          0      33168   signal.o
        40         12        228          0       1024       1064   startup_lpc407x_8x_177x_8x.o
      1592        104          0         16          0       8687   system_lpc407x_8x_177x_8x.o
       546         66          0         19          0      34343   ultrasonic.o

    ----------------------------------------------------------------------
      4072        406        260         68       1028     178136   Object Totals
         0          0         32          0          0          0   (incl. Generated)
         2          0          0          1          4          0   (incl. Padding)

    ----------------------------------------------------------------------

      Code (inc. data)   RO Data    RW Data    ZI Data      Debug   Library Member Name

         0          0          0          0          0          0   entry.o
         0          0          0          0          0          0   entry10a.o
         0          0          0          0          0          0   entry11a.o
         8          4          0          0          0          0   entry2.o
         4          0          0          0          0          0   entry5.o
         0          0          0          0          0          0   entry7b.o
         0          0          0          0          0          0   entry8b.o
         8          4          0          0          0          0   entry9a.o
        30          0          0          0          0          0   handlers.o
        36          8          0          0          0         68   init.o

    ----------------------------------------------------------------------
        88         16          0          0          0         68   Library Totals
         2          0          0          0          0          0   (incl. Padding)

    ----------------------------------------------------------------------

      Code (inc. data)   RO Data    RW Data    ZI Data      Debug   Library Name

        86         16          0          0          0         68   mc_w.l

    ----------------------------------------------------------------------
        88         16          0          0          0         68   Library Totals

    ----------------------------------------------------------------------

==============================================================================


      Code (inc. data)   RO Data    RW Data    ZI Data      Debug   

      4160        422        260         68       1028     174608   Grand Totals
      4160        422        260         68       1028     174608   ELF Image Totals
      4160        422        260         68          0          0   ROM Totals

==============================================================================

    Total RO  Size (Code + RO Data)                 4420 (   4.32kB)
    Total RW  Size (RW Data + ZI Data)              1096 (   1.07kB)
    Total ROM Size (Code + RO Data + RW Data)       4488 (   4.38kB)

==============================================================================

